              _             
             (_)            
   __ _ _ __  _ _ __   __ _ 
  / _` | '_ \| | '_ \ / _` |
 | (_| | | | | | | | | (_| |
  \__, |_| |_|_|_| |_|\__,_|
   __/ |                    
  |___/                     

gnina v1.3.2 master:f23dd2b   Built Jul  8 2025.
gnina is based on smina and AutoDock Vina.
Please cite appropriately.

Commandline: /mnt/d/CADD paper exercise/gnina/bin/gnina --receptor /tmp/pr39_fiveseed/Dual_Target_Docking/reruns/UNIFORM_RERUN_V4_2_20260921/01_receptors/4EY7_receptor.pdbqt --ligand /tmp/pr39_fiveseed/Dual_Target_Docking/reruns/UNIFORM_RERUN_V4_2_20260921/10_gnina_independent_docking/ligands_gnina_ad4_types/MBYLQCWDOYEQRA-PKOBYXMFSA-N.pdbqt --center_x -13.9875 --center_y -43.9055 --center_z 27.1085 --size_x 23.341 --size_y 20.0 --size_z 20.355 --no_gpu --scoring vina --cnn_scoring rescore --pose_sort_order CNNscore --seed 42 --exhaustiveness 16 --num_modes 9 --cpu 1 --out /tmp/pr39_fiveseed/Dual_Target_Docking/reruns/UNIFORM_RERUN_V4_2_20260921/10_gnina_independent_docking/jobs/4EY7__MBYLQCWDOYEQRA-PKOBYXMFSA-N__seed42/out.pdbqt
Using random seed: 42

0%   10   20   30   40   50   60   70   80   90   100%
|----|----|----|----|----|----|----|----|----|----|
***************************************************
 | pose 0 | initial pose not within box

mode |  affinity  |  intramol  |    CNN     |   CNN
     | (kcal/mol) | (kcal/mol) | pose score | affinity
-----+------------+------------+------------+----------
    1      -11.07        0.03       0.9194      6.149
    2      -10.64        0.04       0.8725      6.565
    3       -9.27        0.14       0.8457      6.547
    4      -10.51       -0.19       0.8409      6.498
    5      -10.93       -0.14       0.8386      6.597
    6      -10.41        1.28       0.7788      6.211
    7       -8.66        3.57       0.7656      6.309
    8       -9.37        0.78       0.7625      6.254
    9      -10.17        0.09       0.7531      6.538

