AutoDock Vina v1.2.7
#################################################################
# If you used AutoDock Vina in your work, please cite:          #
#                                                               #
# J. Eberhardt, D. Santos-Martins, A. F. Tillack, and S. Forli  #
# AutoDock Vina 1.2.0: New Docking Methods, Expanded Force      #
# Field, and Python Bindings, J. Chem. Inf. Model. (2021)       #
# DOI 10.1021/acs.jcim.1c00203                                  #
#                                                               #
# O. Trott, A. J. Olson,                                        #
# AutoDock Vina: improving the speed and accuracy of docking    #
# with a new scoring function, efficient optimization and       #
# multithreading, J. Comp. Chem. (2010)                         #
# DOI 10.1002/jcc.21334                                         #
#                                                               #
# Please see https://github.com/ccsb-scripps/AutoDock-Vina for  #
# more information.                                             #
#################################################################

Scoring function : vina
Rigid receptor: /mnt/d/CADD paper exercise/dual target docking/results/pik3ca_mtor_panel48_v0/receptors/4JT6_receptor.pdbqt
Ligand: /mnt/d/CADD paper exercise/dual target docking/results/pik3ca_mtor_panel48_v0/ligands_pdbqt/PM48_08.pdbqt
Grid center: X 51.949 Y 0.065 Z -47.707
Grid size  : X 20.332 Y 20 Z 20
Grid space : 0.375
Exhaustiveness: 16
CPU: 1
Verbosity: 1

Computing Vina grid ... done.
Performing docking (random seed: 20260727) ... 
0%   10   20   30   40   50   60   70   80   90   100%
|----|----|----|----|----|----|----|----|----|----|
***************************************************

mode |   affinity | dist from best mode
     | (kcal/mol) | rmsd l.b.| rmsd u.b.
-----+------------+----------+----------
   1       -8.375          0          0
   2        -8.18      3.853      7.357
   3       -7.907      3.608      8.005
   4       -7.849       3.51      4.789
   5        -7.56      3.388      6.268
   6       -7.422      3.853      7.357
   7        -7.25      3.155      8.318
   8       -7.197      2.871      6.413
   9       -7.146      3.595      7.904
