AutoDock Vina v1.2.7
#################################################################
# If you used AutoDock Vina in your work, please cite:          #
#                                                               #
# J. Eberhardt, D. Santos-Martins, A. F. Tillack, and S. Forli  #
# AutoDock Vina 1.2.0: New Docking Methods, Expanded Force      #
# Field, and Python Bindings, J. Chem. Inf. Model. (2021)       #
# DOI 10.1021/acs.jcim.1c00203                                  #
#                                                               #
# O. Trott, A. J. Olson,                                        #
# AutoDock Vina: improving the speed and accuracy of docking    #
# with a new scoring function, efficient optimization and       #
# multithreading, J. Comp. Chem. (2010)                         #
# DOI 10.1002/jcc.21334                                         #
#                                                               #
# Please see https://github.com/ccsb-scripps/AutoDock-Vina for  #
# more information.                                             #
#################################################################

Scoring function : vina
Rigid receptor: /mnt/d/CADD paper exercise/dual target docking/results/pik3ca_mtor_panel48_v0/receptors/4JT6_receptor.pdbqt
Ligand: /mnt/d/CADD paper exercise/dual target docking/results/pik3ca_mtor_panel48_v0/ligands_pdbqt/PM48_20.pdbqt
Grid center: X 51.949 Y 0.065 Z -47.707
Grid size  : X 20.332 Y 20 Z 20
Grid space : 0.375
Exhaustiveness: 16
CPU: 1
Verbosity: 1

Computing Vina grid ... done.
Performing docking (random seed: 20260727) ... 
0%   10   20   30   40   50   60   70   80   90   100%
|----|----|----|----|----|----|----|----|----|----|
***************************************************

mode |   affinity | dist from best mode
     | (kcal/mol) | rmsd l.b.| rmsd u.b.
-----+------------+----------+----------
   1       -9.101          0          0
   2        -8.74      4.224       6.24
   3        -8.66      2.162      2.836
   4       -8.333      2.135      2.711
   5       -8.326      2.049      2.504
   6       -8.158      4.625      6.971
   7       -8.129      3.934      7.938
   8       -8.085      4.093      5.317
   9        -7.94      4.517      7.238
