AutoDock Vina v1.2.7
#################################################################
# If you used AutoDock Vina in your work, please cite:          #
#                                                               #
# J. Eberhardt, D. Santos-Martins, A. F. Tillack, and S. Forli  #
# AutoDock Vina 1.2.0: New Docking Methods, Expanded Force      #
# Field, and Python Bindings, J. Chem. Inf. Model. (2021)       #
# DOI 10.1021/acs.jcim.1c00203                                  #
#                                                               #
# O. Trott, A. J. Olson,                                        #
# AutoDock Vina: improving the speed and accuracy of docking    #
# with a new scoring function, efficient optimization and       #
# multithreading, J. Comp. Chem. (2010)                         #
# DOI 10.1002/jcc.21334                                         #
#                                                               #
# Please see https://github.com/ccsb-scripps/AutoDock-Vina for  #
# more information.                                             #
#################################################################

Scoring function : vina
Rigid receptor: /mnt/d/CADD paper exercise/dual target docking/results/pik3ca_mtor_panel48_v0/receptors/4L23_receptor.pdbqt
Ligand: /mnt/d/CADD paper exercise/dual target docking/results/pik3ca_mtor_panel48_v0/ligands_pdbqt/PM48_47.pdbqt
Grid center: X 32.443 Y 45.431 Z 42.139
Grid size  : X 20 Y 20 Z 20
Grid space : 0.375
Exhaustiveness: 16
CPU: 1
Verbosity: 1

Computing Vina grid ... done.
Performing docking (random seed: 20260727) ... 
0%   10   20   30   40   50   60   70   80   90   100%
|----|----|----|----|----|----|----|----|----|----|
***************************************************

mode |   affinity | dist from best mode
     | (kcal/mol) | rmsd l.b.| rmsd u.b.
-----+------------+----------+----------
   1       -8.562          0          0
   2       -8.436      1.391      2.316
   3        -8.07      2.441      6.824
   4       -7.795      1.158      3.339
   5        -7.78      2.617      6.235
   6        -7.77      2.393      6.741
   7       -7.614      2.828      5.955
   8       -7.595      2.952      6.142
   9       -7.033      3.015      5.804
