AutoDock Vina v1.2.7
#################################################################
# If you used AutoDock Vina in your work, please cite:          #
#                                                               #
# J. Eberhardt, D. Santos-Martins, A. F. Tillack, and S. Forli  #
# AutoDock Vina 1.2.0: New Docking Methods, Expanded Force      #
# Field, and Python Bindings, J. Chem. Inf. Model. (2021)       #
# DOI 10.1021/acs.jcim.1c00203                                  #
#                                                               #
# O. Trott, A. J. Olson,                                        #
# AutoDock Vina: improving the speed and accuracy of docking    #
# with a new scoring function, efficient optimization and       #
# multithreading, J. Comp. Chem. (2010)                         #
# DOI 10.1002/jcc.21334                                         #
#                                                               #
# Please see https://github.com/ccsb-scripps/AutoDock-Vina for  #
# more information.                                             #
#################################################################

Scoring function : vina
Rigid receptor: /mnt/d/CADD paper exercise/dual target docking/results/pik3ca_mtor_panel48_v0/receptors/4L23_receptor.pdbqt
Ligand: /mnt/d/CADD paper exercise/dual target docking/results/pik3ca_mtor_panel48_v0/ligands_pdbqt/PM48_30.pdbqt
Grid center: X 32.443 Y 45.431 Z 42.139
Grid size  : X 20 Y 20 Z 20
Grid space : 0.375
Exhaustiveness: 16
CPU: 1
Verbosity: 1

Computing Vina grid ... done.
Performing docking (random seed: 20260727) ... 
0%   10   20   30   40   50   60   70   80   90   100%
|----|----|----|----|----|----|----|----|----|----|
***************************************************

mode |   affinity | dist from best mode
     | (kcal/mol) | rmsd l.b.| rmsd u.b.
-----+------------+----------+----------
   1       -8.409          0          0
   2        -8.29       1.74      4.997
   3       -7.945      1.975      5.535
   4       -7.844       2.09      5.944
   5       -7.843      2.523      7.953
   6       -7.805       1.46      2.082
   7       -7.687      2.147      5.385
   8       -7.659      2.395      6.125
   9       -7.597      2.812      5.818
