              _             
             (_)            
   __ _ _ __  _ _ __   __ _ 
  / _` | '_ \| | '_ \ / _` |
 | (_| | | | | | | | | (_| |
  \__, |_| |_|_|_| |_|\__,_|
   __/ |                    
  |___/                     

gnina v1.3.2 master:f23dd2b   Built Jul  8 2025.
gnina is based on smina and AutoDock Vina.
Please cite appropriately.

Commandline: /mnt/d/CADD paper exercise/gnina/bin/gnina --receptor /tmp/pr39_fiveseed/Dual_Target_Docking/reruns/UNIFORM_RERUN_V4_2_20260921/01_receptors/5U3Q_receptor.pdbqt --ligand /tmp/pr39_fiveseed/Dual_Target_Docking/reruns/UNIFORM_RERUN_V4_2_20260921/10_gnina_independent_docking/ligands_gnina_ad4_types/NSJOUOFECXFWLG-UHFFFAOYSA-N.pdbqt --center_x 45.416 --center_y -37.679500000000004 --center_z 103.97649999999999 --size_x 20.0 --size_y 20.0 --size_z 22.448999999999998 --no_gpu --scoring vina --cnn_scoring rescore --pose_sort_order CNNscore --seed 42 --exhaustiveness 16 --num_modes 9 --cpu 1 --out /tmp/pr39_fiveseed/Dual_Target_Docking/reruns/UNIFORM_RERUN_V4_2_20260921/10_gnina_independent_docking/jobs/5U3Q__NSJOUOFECXFWLG-UHFFFAOYSA-N__seed42/out.pdbqt
Using random seed: 42

0%   10   20   30   40   50   60   70   80   90   100%
|----|----|----|----|----|----|----|----|----|----|
***************************************************
 | pose 0 | initial pose not within box

mode |  affinity  |  intramol  |    CNN     |   CNN
     | (kcal/mol) | (kcal/mol) | pose score | affinity
-----+------------+------------+------------+----------
    1      -10.41       -0.40       0.9456      8.213
    2      -10.29       -0.42       0.9448      8.235
    3      -10.06        0.05       0.9179      8.125
    4      -10.20        0.40       0.8961      8.029
    5      -10.21       -0.47       0.8485      8.033
    6       -9.75       -0.62       0.8023      8.101
    7       -9.79        0.37       0.7839      7.768
    8       -9.41       -1.26       0.5734      7.700
    9       -9.41       -0.26       0.5718      7.559

