AutoDock Vina v1.2.7
#################################################################
# If you used AutoDock Vina in your work, please cite:          #
#                                                               #
# J. Eberhardt, D. Santos-Martins, A. F. Tillack, and S. Forli  #
# AutoDock Vina 1.2.0: New Docking Methods, Expanded Force      #
# Field, and Python Bindings, J. Chem. Inf. Model. (2021)       #
# DOI 10.1021/acs.jcim.1c00203                                  #
#                                                               #
# O. Trott, A. J. Olson,                                        #
# AutoDock Vina: improving the speed and accuracy of docking    #
# with a new scoring function, efficient optimization and       #
# multithreading, J. Comp. Chem. (2010)                         #
# DOI 10.1002/jcc.21334                                         #
#                                                               #
# Please see https://github.com/ccsb-scripps/AutoDock-Vina for  #
# more information.                                             #
#################################################################

Scoring function : vina
Rigid receptor: /home/gwj/repos/gwj260531/Dual_Target_Docking/data/pik3ca_pik3cb_panel_v0/receptors/4BFR_receptor.pdbqt
Ligand: /home/gwj/repos/gwj260531/Dual_Target_Docking/data/pik3ca_pik3cb_panel_v0/cognate_qc/4BFR_J82_E16.pdbqt
Grid center: X -13.249 Y 50.413 Z 52.245
Grid size  : X 45.536 Y 72.575 Z 70.847
Grid space : 0.375
Exhaustiveness: 16
CPU: 1
Verbosity: 1




PDBQT parsing error: Unknown or inappropriate tag found in flex residue or ligand.
 > ROOT
