              _             
             (_)            
   __ _ _ __  _ _ __   __ _ 
  / _` | '_ \| | '_ \ / _` |
 | (_| | | | | | | | | (_| |
  \__, |_| |_|_|_| |_|\__,_|
   __/ |                    
  |___/                     

gnina v1.3.2 master:f23dd2b   Built Jul  8 2025.
gnina is based on smina and AutoDock Vina.
Please cite appropriately.

Commandline: /mnt/d/CADD paper exercise/gnina/bin/gnina --receptor /tmp/pr39_fiveseed/Dual_Target_Docking/reruns/UNIFORM_RERUN_V4_2_20260921/01_receptors/6LXA_receptor.pdbqt --ligand /tmp/pr39_fiveseed/Dual_Target_Docking/reruns/UNIFORM_RERUN_V4_2_20260921/10_gnina_independent_docking/ligands_gnina_ad4_types/CYSRURFSGZEJNU-SCZZXKLOSA-N.pdbqt --center_x 11.9975 --center_y 5.742 --center_z -7.4430000000000005 --size_x 20.0 --size_y 20.200000000000003 --size_z 23.432000000000002 --no_gpu --scoring vina --cnn_scoring rescore --pose_sort_order CNNscore --seed 42 --exhaustiveness 16 --num_modes 9 --cpu 1 --out /tmp/pr39_fiveseed/Dual_Target_Docking/reruns/UNIFORM_RERUN_V4_2_20260921/10_gnina_independent_docking/calibration/6LXA__CYSRURFSGZEJNU-SCZZXKLOSA-N/out.pdbqt
Using random seed: 42

0%   10   20   30   40   50   60   70   80   90   100%
|----|----|----|----|----|----|----|----|----|----|
***************************************************
 | pose 0 | initial pose not within box

mode |  affinity  |  intramol  |    CNN     |   CNN
     | (kcal/mol) | (kcal/mol) | pose score | affinity
-----+------------+------------+------------+----------
    1       -5.12       -0.13       0.7729      4.898
    2       -5.94       -0.12       0.6315      4.003
    3       -6.46       -0.13       0.6280      3.995
    4       -5.15       -0.11       0.5652      4.926
    5       -3.96       -0.11       0.5625      4.439
    6       -6.39       -0.12       0.5578      4.598
    7       -3.84       -0.10       0.5406      4.177
    8       -4.49       -0.13       0.5248      4.853
    9       -5.69       -0.13       0.5123      4.049

