              _             
             (_)            
   __ _ _ __  _ _ __   __ _ 
  / _` | '_ \| | '_ \ / _` |
 | (_| | | | | | | | | (_| |
  \__, |_| |_|_|_| |_|\__,_|
   __/ |                    
  |___/                     

gnina v1.3.2 master:f23dd2b   Built Jul  8 2025.
gnina is based on smina and AutoDock Vina.
Please cite appropriately.

Commandline: /mnt/d/CADD paper exercise/gnina/bin/gnina --receptor /tmp/pr39_fiveseed/Dual_Target_Docking/reruns/UNIFORM_RERUN_V4_2_20260921/01_receptors/4EY7_receptor.pdbqt --ligand /tmp/pr39_fiveseed/Dual_Target_Docking/reruns/UNIFORM_RERUN_V4_2_20260921/10_gnina_independent_docking/ligands_gnina_ad4_types/HYWHYYQDFBRNJV-UHFFFAOYSA-N.pdbqt --center_x -13.9875 --center_y -43.9055 --center_z 27.1085 --size_x 23.341 --size_y 20.0 --size_z 20.355 --no_gpu --scoring vina --cnn_scoring rescore --pose_sort_order CNNscore --seed 42 --exhaustiveness 16 --num_modes 9 --cpu 1 --out /tmp/pr39_fiveseed/Dual_Target_Docking/reruns/UNIFORM_RERUN_V4_2_20260921/10_gnina_independent_docking/jobs/4EY7__HYWHYYQDFBRNJV-UHFFFAOYSA-N__seed42/out.pdbqt
Using random seed: 42

0%   10   20   30   40   50   60   70   80   90   100%
|----|----|----|----|----|----|----|----|----|----|
***************************************************
 | pose 0 | initial pose not within box

mode |  affinity  |  intramol  |    CNN     |   CNN
     | (kcal/mol) | (kcal/mol) | pose score | affinity
-----+------------+------------+------------+----------
    1      -11.43       -0.49       0.4241      7.844
    2      -11.33       -0.65       0.3845      7.791
    3      -12.14       -0.78       0.3192      7.387
    4      -10.39       -0.95       0.3163      7.573
    5      -10.70        0.67       0.3112      7.807
    6      -10.44       -0.26       0.3078      7.730
    7      -12.12       -1.48       0.2799      7.211
    8      -12.21       -1.57       0.2710      7.200
    9      -10.59       -0.62       0.2647      7.406

