              _             
             (_)            
   __ _ _ __  _ _ __   __ _ 
  / _` | '_ \| | '_ \ / _` |
 | (_| | | | | | | | | (_| |
  \__, |_| |_|_|_| |_|\__,_|
   __/ |                    
  |___/                     

gnina v1.3.2 master:f23dd2b   Built Jul  8 2025.
gnina is based on smina and AutoDock Vina.
Please cite appropriately.

Commandline: /mnt/d/CADD paper exercise/gnina/bin/gnina --receptor /tmp/pr39_fiveseed/Dual_Target_Docking/reruns/UNIFORM_RERUN_V4_2_20260921/01_receptors/8BXH_receptor.pdbqt --ligand /tmp/pr39_fiveseed/Dual_Target_Docking/reruns/UNIFORM_RERUN_V4_2_20260921/10_gnina_independent_docking/ligands_gnina_ad4_types/OLRNUXJNQGODGR-FQEVSTJZSA-N.pdbqt --center_x -12.589675 --center_y 14.593935000000002 --center_z 21.26255 --size_x 24.068690000000004 --size_y 20.0 --size_z 20.0 --no_gpu --scoring vina --cnn_scoring rescore --pose_sort_order CNNscore --seed 42 --exhaustiveness 16 --num_modes 9 --cpu 1 --out /tmp/pr39_fiveseed/Dual_Target_Docking/reruns/UNIFORM_RERUN_V4_2_20260921/10_gnina_independent_docking/jobs/8BXH__OLRNUXJNQGODGR-FQEVSTJZSA-N__seed42/out.pdbqt
Using random seed: 42

0%   10   20   30   40   50   60   70   80   90   100%
|----|----|----|----|----|----|----|----|----|----|
***************************************************
 | pose 0 | initial pose not within box

mode |  affinity  |  intramol  |    CNN     |   CNN
     | (kcal/mol) | (kcal/mol) | pose score | affinity
-----+------------+------------+------------+----------
    1       -8.50       -0.75       0.9699      8.259
    2       -8.51       -0.76       0.9674      8.201
    3       -7.61       -0.67       0.9335      7.959
    4       -7.50       -1.15       0.9135      7.975
    5       -8.58       -0.76       0.9072      7.939
    6       -7.29       -1.07       0.7593      7.583
    7       -6.95       -1.07       0.6281      7.561
    8       -7.98       -0.96       0.5974      7.445
    9       -8.52       -0.73       0.5489      7.629

