              _             
             (_)            
   __ _ _ __  _ _ __   __ _ 
  / _` | '_ \| | '_ \ / _` |
 | (_| | | | | | | | | (_| |
  \__, |_| |_|_|_| |_|\__,_|
   __/ |                    
  |___/                     

gnina v1.3.2 master:f23dd2b   Built Jul  8 2025.
gnina is based on smina and AutoDock Vina.
Please cite appropriately.

Commandline: /mnt/d/CADD paper exercise/gnina/bin/gnina --receptor /tmp/pr39_fiveseed/Dual_Target_Docking/reruns/UNIFORM_RERUN_V4_2_20260921/01_receptors/6N7A_receptor.pdbqt --ligand /tmp/pr39_fiveseed/Dual_Target_Docking/reruns/UNIFORM_RERUN_V4_2_20260921/09_secondary_scoring/gnina_rescore_representation_v2/6N7A__KZJDGNASJMWFCF-QGZVFWFLSA-N/vina_mode8_gnina.pdbqt --score_only --no_gpu --scoring vina --cnn_scoring rescore
## Name gauss(o=0,_w=0.5,_c=8) gauss(o=3,_w=2,_c=8) repulsion(o=0,_c=8) hydrophobic(g=0.5,_b=1.5,_c=8) non_dir_h_bond(g=-0.7,_b=0,_c=8) num_tors_div
Affinity: -9.83845 (kcal/mol)
CNNscore: 0.02060 
CNNaffinity: 5.11293
CNNvariance: 2.28952
Intramolecular energy: -0.75945
Term values, before weighting:
##  106.98194 1989.78174 2.10602 16.49222 1.68550 0.00000

