AutoDock Vina v1.2.7
#################################################################
# If you used AutoDock Vina in your work, please cite:          #
#                                                               #
# J. Eberhardt, D. Santos-Martins, A. F. Tillack, and S. Forli  #
# AutoDock Vina 1.2.0: New Docking Methods, Expanded Force      #
# Field, and Python Bindings, J. Chem. Inf. Model. (2021)       #
# DOI 10.1021/acs.jcim.1c00203                                  #
#                                                               #
# O. Trott, A. J. Olson,                                        #
# AutoDock Vina: improving the speed and accuracy of docking    #
# with a new scoring function, efficient optimization and       #
# multithreading, J. Comp. Chem. (2010)                         #
# DOI 10.1002/jcc.21334                                         #
#                                                               #
# Please see https://github.com/ccsb-scripps/AutoDock-Vina for  #
# more information.                                             #
#################################################################

Scoring function : vina
Rigid receptor: /tmp/gwj_check/Dual_Target_Docking/data/mcl1_bclxl_panel_v0/receptors/3WIZ_receptor.pdbqt
Ligand: /tmp/gwj_check/Dual_Target_Docking/data/mcl1_bclxl_panel_v0/cognate_qc/3WIZ_LC6.pdbqt
Grid center: X 37.263 Y 10.502 Z -46.175
Grid size  : X 34.196 Y 22 Z 22
Grid space : 0.375
Exhaustiveness: 8
CPU: 2
Verbosity: 1

Computing Vina grid ... done.
Performing docking (random seed: 20260727) ... 
0%   10   20   30   40   50   60   70   80   90   100%
|----|----|----|----|----|----|----|----|----|----|
***************************************************

mode |   affinity | dist from best mode
     | (kcal/mol) | rmsd l.b.| rmsd u.b.
-----+------------+----------+----------
   1       -10.14          0          0
   2       -9.522      2.877      4.098
   3         -9.5       2.19      3.266
   4       -9.314      2.578      3.849
   5       -9.299      3.268      14.31
   6       -9.244      2.104      2.978
   7       -9.235      4.657      14.85
   8       -8.989      3.076      14.69
   9       -8.734      2.235      3.079

