              _             
             (_)            
   __ _ _ __  _ _ __   __ _ 
  / _` | '_ \| | '_ \ / _` |
 | (_| | | | | | | | | (_| |
  \__, |_| |_|_|_| |_|\__,_|
   __/ |                    
  |___/                     

gnina v1.3.2 master:f23dd2b   Built Jul  8 2025.
gnina is based on smina and AutoDock Vina.
Please cite appropriately.

Commandline: /mnt/d/CADD paper exercise/gnina/bin/gnina --receptor /tmp/pr39_fiveseed/Dual_Target_Docking/reruns/UNIFORM_RERUN_V4_2_20260921/01_receptors/4BDS_receptor.pdbqt --ligand /tmp/pr39_fiveseed/Dual_Target_Docking/reruns/UNIFORM_RERUN_V4_2_20260921/10_gnina_independent_docking/ligands_gnina_ad4_types/WWRDYDFXVYAZAG-UHFFFAOYSA-N.pdbqt --center_x 133.076 --center_y 116.113 --center_z 41.335 --size_x 20.0 --size_y 20.0 --size_z 20.0 --no_gpu --scoring vina --cnn_scoring rescore --pose_sort_order CNNscore --seed 42 --exhaustiveness 16 --num_modes 9 --cpu 1 --out /tmp/pr39_fiveseed/Dual_Target_Docking/reruns/UNIFORM_RERUN_V4_2_20260921/10_gnina_independent_docking/jobs/4BDS__WWRDYDFXVYAZAG-UHFFFAOYSA-N__seed42/out.pdbqt
Using random seed: 42

0%   10   20   30   40   50   60   70   80   90   100%
|----|----|----|----|----|----|----|----|----|----|
***************************************************
 | pose 0 | initial pose not within box

mode |  affinity  |  intramol  |    CNN     |   CNN
     | (kcal/mol) | (kcal/mol) | pose score | affinity
-----+------------+------------+------------+----------
    1      -11.22       -1.41       0.9409      8.218
    2       -9.39       -1.03       0.8418      7.897
    3      -10.28       -0.53       0.7961      7.654
    4      -11.15       -0.64       0.7001      7.487
    5      -10.78       -0.64       0.6682      7.270
    6       -9.64       -1.84       0.6637      7.620
    7       -9.72       -1.52       0.5590      6.881
    8       -9.38        0.20       0.5516      6.844
    9       -9.99       -1.35       0.5410      7.162

