              _             
             (_)            
   __ _ _ __  _ _ __   __ _ 
  / _` | '_ \| | '_ \ / _` |
 | (_| | | | | | | | | (_| |
  \__, |_| |_|_|_| |_|\__,_|
   __/ |                    
  |___/                     

gnina v1.3.2 master:f23dd2b   Built Jul  8 2025.
gnina is based on smina and AutoDock Vina.
Please cite appropriately.

Commandline: /mnt/d/CADD paper exercise/gnina/bin/gnina --receptor /tmp/pr39_fiveseed/Dual_Target_Docking/reruns/UNIFORM_RERUN_V4_2_20260921/01_receptors/4UDW_receptor.pdbqt --ligand /tmp/pr39_fiveseed/Dual_Target_Docking/reruns/UNIFORM_RERUN_V4_2_20260921/10_gnina_independent_docking/ligands_gnina_ad4_types/YMOFSDWBUFAIRB-UHFFFAOYSA-N.pdbqt --center_x 129.73899999999998 --center_y -14.4025 --center_z 164.946 --size_x 20.599999999999994 --size_y 20.0 --size_z 20.0 --no_gpu --scoring vina --cnn_scoring rescore --pose_sort_order CNNscore --seed 42 --exhaustiveness 16 --num_modes 9 --cpu 1 --out /tmp/pr39_fiveseed/Dual_Target_Docking/reruns/UNIFORM_RERUN_V4_2_20260921/10_gnina_independent_docking/jobs/4UDW__YMOFSDWBUFAIRB-UHFFFAOYSA-N__seed42/out.pdbqt
Using random seed: 42

0%   10   20   30   40   50   60   70   80   90   100%
|----|----|----|----|----|----|----|----|----|----|
***************************************************
 | pose 0 | initial pose not within box

mode |  affinity  |  intramol  |    CNN     |   CNN
     | (kcal/mol) | (kcal/mol) | pose score | affinity
-----+------------+------------+------------+----------
    1       -9.38       -0.26       0.7084      6.691
    2       -9.32       -0.17       0.5699      6.578
    3       -9.11        0.18       0.5181      6.444
    4       -8.52       -0.57       0.5030      6.158
    5       -7.31       -0.58       0.4457      6.388
    6       -8.16       -0.62       0.4415      6.238
    7       -7.67       -0.56       0.3807      5.838
    8      -10.00       -0.44       0.3765      6.263
    9       -9.97       -0.39       0.3752      6.191

