jobs=192 workers=6 started=2026-08-27T02:50:59Z
[10/192] ok=10 failed_or_skipped=0 last=MXD004@3WIY status=exists
[20/192] ok=20 failed_or_skipped=0 last=MXD012@3WIY status=success
[30/192] ok=30 failed_or_skipped=0 last=MXD015@3WIY status=success
[40/192] ok=38 failed_or_skipped=2 last=MXD006@3WIY status=success
[50/192] ok=48 failed_or_skipped=2 last=MXA003@3WIZ status=success
[60/192] ok=58 failed_or_skipped=2 last=MXA004@3WIY status=success
[70/192] ok=68 failed_or_skipped=2 last=MXA011@3WIY status=success
[80/192] ok=78 failed_or_skipped=2 last=MXA017@3WIZ status=success
[90/192] ok=88 failed_or_skipped=2 last=MXA023@3WIZ status=success
[100/192] ok=98 failed_or_skipped=2 last=MXB003@3WIY status=success
[110/192] ok=108 failed_or_skipped=2 last=MXB008@3WIY status=success
[120/192] ok=114 failed_or_skipped=6 last=MXB009@3WIZ status=success
[130/192] ok=124 failed_or_skipped=6 last=MXB018@3WIZ status=success
[140/192] ok=134 failed_or_skipped=6 last=MXB023@3WIZ status=success
[150/192] ok=144 failed_or_skipped=6 last=MXN003@3WIY status=success
[160/192] ok=154 failed_or_skipped=6 last=MXN008@3WIZ status=success
[170/192] ok=164 failed_or_skipped=6 last=MXN013@3WIZ status=success
[180/192] ok=174 failed_or_skipped=6 last=MXN020@3WIZ status=success
[190/192] ok=184 failed_or_skipped=6 last=MXN024@3WIZ status=success
[192/192] ok=186 failed_or_skipped=6 last=MXN021@3WIY status=success
{
  "finished_utc": "2026-08-27T04:03:18Z",
  "n_jobs": 192,
  "n_success_or_exists": 186,
  "n_fail": 6,
  "seed": 20260727,
  "exhaustiveness": 8,
  "workers": 6
}
