AutoDock Vina v1.2.7
#################################################################
# If you used AutoDock Vina in your work, please cite:          #
#                                                               #
# J. Eberhardt, D. Santos-Martins, A. F. Tillack, and S. Forli  #
# AutoDock Vina 1.2.0: New Docking Methods, Expanded Force      #
# Field, and Python Bindings, J. Chem. Inf. Model. (2021)       #
# DOI 10.1021/acs.jcim.1c00203                                  #
#                                                               #
# O. Trott, A. J. Olson,                                        #
# AutoDock Vina: improving the speed and accuracy of docking    #
# with a new scoring function, efficient optimization and       #
# multithreading, J. Comp. Chem. (2010)                         #
# DOI 10.1002/jcc.21334                                         #
#                                                               #
# Please see https://github.com/ccsb-scripps/AutoDock-Vina for  #
# more information.                                             #
#################################################################

Scoring function : vina
Rigid receptor: /tmp/pr39_fiveseed/Dual_Target_Docking/reruns/UNIFORM_RERUN_V4_2_20260921/01_receptors/3LXP_receptor.pdbqt
Ligand: /tmp/pr39_fiveseed/Dual_Target_Docking/reruns/UNIFORM_RERUN_V4_2_20260921/02_ligands/pdbqt/CLRRDVPHOPGUPT-GASCZTMLSA-N.pdbqt
Grid center: X -4.4985 Y 25.5775 Z -31.064
Grid size  : X 20 Y 20 Z 20
Grid space : 0.375
Exhaustiveness: 16
CPU: 1
Verbosity: 1

Computing Vina grid ... done.
Performing docking (random seed: 29) ... 
0%   10   20   30   40   50   60   70   80   90   100%
|----|----|----|----|----|----|----|----|----|----|
***************************************************

mode |   affinity | dist from best mode
     | (kcal/mol) | rmsd l.b.| rmsd u.b.
-----+------------+----------+----------
   1       -8.374          0          0
   2       -8.298      2.753      8.914
   3       -8.093       3.66      8.619
   4       -7.893      2.408      8.596
   5       -7.682       2.85      4.906
   6       -7.648       3.35      8.246
   7       -7.583       3.34      8.354
   8       -7.468      5.056      8.561
   9       -7.409      6.291      9.587

