              _             
             (_)            
   __ _ _ __  _ _ __   __ _ 
  / _` | '_ \| | '_ \ / _` |
 | (_| | | | | | | | | (_| |
  \__, |_| |_|_|_| |_|\__,_|
   __/ |                    
  |___/                     

gnina v1.3.2 master:f23dd2b   Built Jul  8 2025.
gnina is based on smina and AutoDock Vina.
Please cite appropriately.

Commandline: /mnt/d/CADD paper exercise/gnina/bin/gnina --receptor /tmp/pr39_fiveseed/Dual_Target_Docking/reruns/UNIFORM_RERUN_V4_2_20260921/01_receptors/2JKH_receptor.pdbqt --ligand /tmp/pr39_fiveseed/Dual_Target_Docking/reruns/UNIFORM_RERUN_V4_2_20260921/10_gnina_independent_docking/ligands_gnina_ad4_types/SCZBXBBBMCBNSK-TVGQLCNQSA-N.pdbqt --center_x -3.6430000000000002 --center_y 10.7695 --center_z 22.771 --size_x 20.0 --size_y 20.0 --size_z 21.118 --no_gpu --scoring vina --cnn_scoring rescore --pose_sort_order CNNscore --seed 42 --exhaustiveness 16 --num_modes 9 --cpu 1 --out /tmp/pr39_fiveseed/Dual_Target_Docking/reruns/UNIFORM_RERUN_V4_2_20260921/10_gnina_independent_docking/jobs/2JKH__SCZBXBBBMCBNSK-TVGQLCNQSA-N__seed42/out.pdbqt
Using random seed: 42

0%   10   20   30   40   50   60   70   80   90   100%
|----|----|----|----|----|----|----|----|----|----|
***************************************************
 | pose 0 | initial pose not within box

mode |  affinity  |  intramol  |    CNN     |   CNN
     | (kcal/mol) | (kcal/mol) | pose score | affinity
-----+------------+------------+------------+----------
    1       -9.00        0.57       0.7813      7.044
    2       -8.21       -0.89       0.7728      6.858
    3       -8.45       -0.79       0.6483      6.987
    4       -7.96       -0.85       0.6225      6.683
    5       -8.75        0.46       0.5370      6.660
    6       -8.17        0.17       0.4934      6.598
    7       -8.17        1.74       0.4778      6.315
    8       -7.31        0.16       0.4346      6.462
    9       -6.85        0.88       0.3459      6.319

