              _             
             (_)            
   __ _ _ __  _ _ __   __ _ 
  / _` | '_ \| | '_ \ / _` |
 | (_| | | | | | | | | (_| |
  \__, |_| |_|_|_| |_|\__,_|
   __/ |                    
  |___/                     

gnina v1.3.2 master:f23dd2b   Built Jul  8 2025.
gnina is based on smina and AutoDock Vina.
Please cite appropriately.

Commandline: /mnt/d/CADD paper exercise/gnina/bin/gnina --receptor /tmp/pr39_fiveseed/Dual_Target_Docking/reruns/UNIFORM_RERUN_V4_2_20260921/01_receptors/3POZ_receptor.pdbqt --ligand /tmp/pr39_fiveseed/Dual_Target_Docking/reruns/UNIFORM_RERUN_V4_2_20260921/10_gnina_independent_docking/ligands_gnina_ad4_types/MPYNTRISUCALTC-HXUWFJFHSA-N.pdbqt --center_x 18.746 --center_y 31.832 --center_z 11.626 --size_x 20.75 --size_y 20.0 --size_z 21.218 --no_gpu --scoring vina --cnn_scoring rescore --pose_sort_order CNNscore --seed 42 --exhaustiveness 16 --num_modes 9 --cpu 1 --out /tmp/pr39_fiveseed/Dual_Target_Docking/reruns/UNIFORM_RERUN_V4_2_20260921/10_gnina_independent_docking/jobs/3POZ__MPYNTRISUCALTC-HXUWFJFHSA-N__seed42/out.pdbqt
Using random seed: 42

0%   10   20   30   40   50   60   70   80   90   100%
|----|----|----|----|----|----|----|----|----|----|
***************************************************
 | pose 0 | initial pose not within box

mode |  affinity  |  intramol  |    CNN     |   CNN
     | (kcal/mol) | (kcal/mol) | pose score | affinity
-----+------------+------------+------------+----------
    1      -11.44       -1.25       0.9705      8.836
    2      -11.00        1.00       0.9453      8.749
    3      -10.48       -1.04       0.9365      8.638
    4       -9.60       -0.57       0.7512      8.200
    5      -11.43       -0.80       0.6862      8.237
    6       -9.26        0.88       0.4530      7.982
    7      -10.50       -0.91       0.3483      7.940
    8      -10.40        1.33       0.3335      7.812
    9       -8.93       -0.27       0.3091      7.644

