pocket 3POZ 89
pocket 3RCD 82
pocket 6N7A 62
pocket 8BXH 65
pocket 3LXP 62
pocket 4L23 67
pocket 4JT6 71
pocket 4EY7 87
pocket 4BDS 68
pocket 4UDW 73
pocket 2JKH 72
pocket 9V8H 81
pocket 6LXA 92
pocket 5U3Q 106
rtm 25/1592 last=SUCCESS 2JKH FPYOOPDUUPDBNP-UHFFFAOYSA-N 
rtm 50/1592 last=SUCCESS 2JKH KPACBFJTZSMBKD-OAQYLSRUSA-N 
rtm 75/1592 last=SUCCESS 2JKH RYCYVWBHORYZIQ-UHFFFAOYSA-N 
rtm 100/1592 last=SUCCESS 2JKH YBSJFWOBGCMAKL-UHFFFAOYSA-N 
rtm 125/1592 last=SUCCESS 3LXP DHSKZIRHUGFEJZ-UHFFFAOYSA-N 
rtm 150/1592 last=SUCCESS 3LXP IRWGMJOHKYTECO-UHFFFAOYSA-N 
rtm 175/1592 last=SUCCESS 3LXP PGFUYRPYQOJNGW-UHFFFAOYSA-N 
rtm 200/1592 last=SUCCESS 3LXP UVBXDOXNDDQDMV-UTKZUKDTSA-N 
rtm 225/1592 last=SUCCESS 3POZ AXVWVFHQMYQWLK-UHFFFAOYSA-N 
rtm 250/1592 last=SUCCESS 3POZ IKXDZCIRCQRTQF-UHFFFAOYSA-N 
rtm 275/1592 last=SUCCESS 3POZ NNFDRCGXLJTASH-UHFFFAOYSA-N 
rtm 300/1592 last=SUCCESS 3POZ SSDFTYWIYVWCIE-KDURUIRLSA-N 
rtm 325/1592 last=SUCCESS 3POZ XSFGXVBMHUSTNL-UHFFFAOYSA-N 
rtm 350/1592 last=SUCCESS 3RCD GAYUJMWHGBAPKD-UHFFFAOYSA-N 
rtm 375/1592 last=SUCCESS 3RCD LSPANGZZENHZNJ-UHFFFAOYSA-N 
rtm 400/1592 last=SUCCESS 3RCD QQRLVNGJKMMEMW-POHAHGRESA-N 
rtm 425/1592 last=SUCCESS 3RCD VIANWBJPMVJZPN-UHFFFAOYSA-N 
rtm 450/1592 last=SUCCESS 4BDS BUULUTGYNYYXCY-UHFFFAOYSA-N 
rtm 475/1592 last=SUCCESS 4BDS IWQVOBYFNTVEOD-ACCUITESSA-N 
rtm 500/1592 last=SUCCESS 4BDS NLIRDIJPNPPVES-UHFFFAOYSA-N 
rtm 525/1592 last=SUCCESS 4BDS UUXMKUDVTHMKFM-UHFFFAOYSA-N 
rtm 550/1592 last=SUCCESS 4EY7 CFFDQXIMLVONET-UHFFFAOYSA-N 
rtm 575/1592 last=SUCCESS 4EY7 JIHVXAPKKMMRTK-UHFFFAOYSA-N 
rtm 600/1592 last=SUCCESS 4EY7 NLUCFDWSIZAJOW-UHFFFAOYSA-N 
rtm 625/1592 last=SUCCESS 4EY7 VVVCUWUORGMTNG-UHFFFAOYSA-N 
rtm 650/1592 last=SUCCESS 4JT6 GUXXEUUYCAYESJ-UHFFFAOYSA-N 
rtm 675/1592 last=SUCCESS 4JT6 QLHHRYZMBGPBJG-UHFFFAOYSA-N 
rtm 700/1592 last=SUCCESS 4L23 HAGVHIKZYFOZND-UHFFFAOYSA-N 
rtm 725/1592 last=SUCCESS 4L23 RFSMUFRPPYDYRD-CALCHBBNSA-N 
rtm 750/1592 last=SUCCESS 4UDW DWNHMQOMYAIZCG-HHHXNRCGSA-N 
rtm 775/1592 last=SUCCESS 4UDW JTWPXAPBCSEZRE-UHFFFAOYSA-N 
rtm 800/1592 last=SUCCESS 4UDW OREKERSNHHDONJ-UHFFFAOYSA-N 
rtm 825/1592 last=SUCCESS 4UDW VWXAJELEKJVKSG-UHFFFAOYSA-N 
rtm 850/1592 last=SUCCESS 5U3Q BONGLINICVKANL-UHFFFAOYSA-N 
rtm 875/1592 last=SUCCESS 5U3Q IRSFLNXJVJKMDT-UHFFFAOYSA-N 
rtm 900/1592 last=SUCCESS 5U3Q LSWSHDRNBQEKKN-XMMPIXPASA-N 
rtm 925/1592 last=SUCCESS 5U3Q QRUJOOQWHBDHME-JOCHJYFZSA-N 
rtm 950/1592 last=SUCCESS 5U3Q YDNAXUMKGRAZTP-UHFFFAOYSA-N 
rtm 975/1592 last=SUCCESS 6LXA CBAPCEBKWQCANY-RUZDIDTESA-N 
rtm 1000/1592 last=SUCCESS 6LXA HEWRQLQNINUEQT-IBGZPJMESA-N 
rtm 1025/1592 last=SUCCESS 6LXA JOYLQSJSOGYNLV-UHFFFAOYSA-N 
rtm 1050/1592 last=SUCCESS 6LXA LOUUYASGVWWLFM-UHFFFAOYSA-N 
rtm 1075/1592 last=SUCCESS 6LXA NVVUNCYOVFKRLC-UHFFFAOYSA-N 
rtm 1100/1592 last=SUCCESS 6LXA QTWYHVZMLOYEJO-UHFFFAOYSA-N 
rtm 1125/1592 last=SUCCESS 6LXA UKMSUNONTOPOIO-UHFFFAOYSA-N 
rtm 1150/1592 last=SUCCESS 6LXA XXXMKMSHRBZEPM-UHFFFAOYSA-N 
rtm 1175/1592 last=SUCCESS 6N7A BDGZWYURCYSTKP-FQEVSTJZSA-N 
rtm 1200/1592 last=SUCCESS 6N7A DWXUDRWPYWVKRB-UHFFFAOYSA-N 
rtm 1225/1592 last=SUCCESS 6N7A IKAXKGNBVUEIGG-AULYBMBSSA-N 
rtm 1250/1592 last=SUCCESS 6N7A KZJDGNASJMWFCF-QGZVFWFLSA-N 
rtm 1275/1592 last=SUCCESS 6N7A OCMXVQWXVVAJMF-HNNXBMFYSA-N 
rtm 1300/1592 last=SUCCESS 6N7A QIGAJELHFWOHDE-JYJNAYRXSA-N 
rtm 1325/1592 last=SUCCESS 6N7A UAKGPERAUAMZPO-IAGOWNOFSA-N 
rtm 1350/1592 last=SUCCESS 6N7A XAILBBYMKDLIKC-GSPDCJABSA-N 
rtm 1375/1592 last=SUCCESS 8BXH AMCWIARZLJUBEG-UWELNFAVSA-N 
rtm 1400/1592 last=SUCCESS 8BXH HDHFSJKBCCIERR-UHFFFAOYSA-N 
rtm 1425/1592 last=SUCCESS 8BXH MDYMNELEGYVHIZ-LDCVWXEPSA-N 
rtm 1450/1592 last=SUCCESS 8BXH RADMAAOUVWABJD-OWOJBTEDSA-N 
rtm 1475/1592 last=SUCCESS 8BXH XIIWOYZDVNCFNA-GOSISDBHSA-N 
rtm 1500/1592 last=SUCCESS 9V8H DVJYRKXWTZVZBV-UHFFFAOYSA-N 
rtm 1525/1592 last=SUCCESS 9V8H KXWWUKKXHUIFHL-GOTSBHOMSA-N 
rtm 1550/1592 last=SUCCESS 9V8H QKANMMQGZZPRTO-UHFFFAOYSA-N 
rtm 1575/1592 last=SUCCESS 9V8H WQCJKMGDGUHOFD-QGZVFWFLSA-N 
{
  "expected_keys": 1592,
  "accounted": 1592,
  "SUCCESS": 1586,
  "MISSING_NO_VINA_POSE": 6,
  "AUROC": "NOT_COMPUTED"
}
