              _             
             (_)            
   __ _ _ __  _ _ __   __ _ 
  / _` | '_ \| | '_ \ / _` |
 | (_| | | | | | | | | (_| |
  \__, |_| |_|_|_| |_|\__,_|
   __/ |                    
  |___/                     

gnina v1.3.2 master:f23dd2b   Built Jul  8 2025.
gnina is based on smina and AutoDock Vina.
Please cite appropriately.

Commandline: /mnt/d/CADD paper exercise/gnina/bin/gnina --receptor /tmp/pr39_fiveseed/Dual_Target_Docking/reruns/UNIFORM_RERUN_V4_2_20260921/01_receptors/4EY7_receptor.pdbqt --ligand /tmp/pr39_fiveseed/Dual_Target_Docking/reruns/UNIFORM_RERUN_V4_2_20260921/10_gnina_independent_docking/ligands_gnina_rigid_macrocycles_v2/SDHJEPJJARZDKU-UHFFFAOYSA-N.pdbqt --center_x -13.9875 --center_y -43.9055 --center_z 27.1085 --size_x 23.341 --size_y 20.0 --size_z 20.355 --no_gpu --scoring vina --cnn_scoring rescore --pose_sort_order CNNscore --seed 42 --exhaustiveness 16 --num_modes 9 --cpu 1 --out /tmp/pr39_fiveseed/Dual_Target_Docking/reruns/UNIFORM_RERUN_V4_2_20260921/10_gnina_independent_docking/jobs_topology_repair_v2/4EY7__SDHJEPJJARZDKU-UHFFFAOYSA-N__seed42/out.pdbqt
Using random seed: 42

0%   10   20   30   40   50   60   70   80   90   100%
|----|----|----|----|----|----|----|----|----|----|
***************************************************
 | pose 0 | initial pose not within box

mode |  affinity  |  intramol  |    CNN     |   CNN
     | (kcal/mol) | (kcal/mol) | pose score | affinity
-----+------------+------------+------------+----------
    1       -9.26       -1.18       0.6090      8.077
    2      -10.04       -2.11       0.5053      7.583
    3       -8.96       -1.35       0.4984      7.738
    4       -9.71        2.41       0.4917      7.951
    5       -8.76        0.54       0.4506      7.483
    6       -8.70       -0.68       0.4466      7.907
    7       -9.41       -1.07       0.4447      7.937
    8      -10.03        0.22       0.4373      8.050
    9      -11.06       -1.52       0.4313      8.270

