AutoDock Vina v1.2.7
#################################################################
# If you used AutoDock Vina in your work, please cite:          #
#                                                               #
# J. Eberhardt, D. Santos-Martins, A. F. Tillack, and S. Forli  #
# AutoDock Vina 1.2.0: New Docking Methods, Expanded Force      #
# Field, and Python Bindings, J. Chem. Inf. Model. (2021)       #
# DOI 10.1021/acs.jcim.1c00203                                  #
#                                                               #
# O. Trott, A. J. Olson,                                        #
# AutoDock Vina: improving the speed and accuracy of docking    #
# with a new scoring function, efficient optimization and       #
# multithreading, J. Comp. Chem. (2010)                         #
# DOI 10.1002/jcc.21334                                         #
#                                                               #
# Please see https://github.com/ccsb-scripps/AutoDock-Vina for  #
# more information.                                             #
#################################################################

Scoring function : vina
Rigid receptor: /home/gwj/repos/gwj260531/Dual_Target_Docking/data/jcim_structure_robust_v0/cognate_qc/4JPS/4JPS_receptor.pdbqt
Ligand: /home/gwj/repos/gwj260531/Dual_Target_Docking/data/jcim_structure_robust_v0/cognate_qc/4JPS/4JPS_1LT.pdbqt
Grid center: X -1.166 Y -9.035 Z 16.981
Grid size  : X 20 Y 20 Z 23.114
Grid space : 0.375
Exhaustiveness: 16
CPU: 1
Verbosity: 1

Computing Vina grid ... done.
Performing docking (random seed: 20260727) ... 
0%   10   20   30   40   50   60   70   80   90   100%
|----|----|----|----|----|----|----|----|----|----|
***************************************************

mode |   affinity | dist from best mode
     | (kcal/mol) | rmsd l.b.| rmsd u.b.
-----+------------+----------+----------
   1       -10.14          0          0
   2       -9.167      1.268       1.92
   3       -8.808      2.107      3.068
   4       -8.642      3.644      5.562
   5       -8.559      2.122      3.334
   6       -8.528       2.15      3.498
   7       -8.405      4.921      10.08
   8        -8.36      2.515       4.14
   9       -8.348      4.659      5.972

