              _             
             (_)            
   __ _ _ __  _ _ __   __ _ 
  / _` | '_ \| | '_ \ / _` |
 | (_| | | | | | | | | (_| |
  \__, |_| |_|_|_| |_|\__,_|
   __/ |                    
  |___/                     

gnina v1.3.2 master:f23dd2b   Built Jul  8 2025.
gnina is based on smina and AutoDock Vina.
Please cite appropriately.

Commandline: /mnt/d/CADD paper exercise/gnina/bin/gnina --receptor /tmp/pr39_fiveseed/Dual_Target_Docking/reruns/UNIFORM_RERUN_V4_2_20260921/01_receptors/9V8H_receptor.pdbqt --ligand /tmp/pr39_fiveseed/Dual_Target_Docking/reruns/UNIFORM_RERUN_V4_2_20260921/10_gnina_independent_docking/ligands_gnina_ad4_types/XKBOWVVNDOSFQR-UHFFFAOYSA-N.pdbqt --center_x -5.454 --center_y -5.373 --center_z -23.5915 --size_x 20.0 --size_y 20.14 --size_z 20.0 --no_gpu --scoring vina --cnn_scoring rescore --pose_sort_order CNNscore --seed 42 --exhaustiveness 16 --num_modes 9 --cpu 1 --out /tmp/pr39_fiveseed/Dual_Target_Docking/reruns/UNIFORM_RERUN_V4_2_20260921/10_gnina_independent_docking/jobs/9V8H__XKBOWVVNDOSFQR-UHFFFAOYSA-N__seed42/out.pdbqt
Using random seed: 42

0%   10   20   30   40   50   60   70   80   90   100%
|----|----|----|----|----|----|----|----|----|----|
***************************************************
 | pose 0 | initial pose not within box
 | pose 0 | ligand outside box
 | pose 0 | ligand outside box
 | pose 0 | ligand outside box
 | pose 0 | ligand outside box
 | pose 0 | ligand outside box
 | pose 0 | ligand outside box
 | pose 0 | initial pose not within box

mode |  affinity  |  intramol  |    CNN     |   CNN
     | (kcal/mol) | (kcal/mol) | pose score | affinity
-----+------------+------------+------------+----------
    1       -0.05       -0.09       0.6869      7.606
    2       -8.84       -0.43       0.6150      7.749
    3       -1.95        0.23       0.5200      7.628
    4        7.65        0.35       0.5073      7.194
    5       -6.99        1.53       0.4886      7.653
    6       -9.35        1.02       0.4856      7.729
    7       -9.63       -0.63       0.4666      7.771
    8        2.21       -0.14       0.4563      7.242
    9      -10.14        0.61       0.4293      7.636

