AutoDock Vina v1.2.7
#################################################################
# If you used AutoDock Vina in your work, please cite:          #
#                                                               #
# J. Eberhardt, D. Santos-Martins, A. F. Tillack, and S. Forli  #
# AutoDock Vina 1.2.0: New Docking Methods, Expanded Force      #
# Field, and Python Bindings, J. Chem. Inf. Model. (2021)       #
# DOI 10.1021/acs.jcim.1c00203                                  #
#                                                               #
# O. Trott, A. J. Olson,                                        #
# AutoDock Vina: improving the speed and accuracy of docking    #
# with a new scoring function, efficient optimization and       #
# multithreading, J. Comp. Chem. (2010)                         #
# DOI 10.1002/jcc.21334                                         #
#                                                               #
# Please see https://github.com/ccsb-scripps/AutoDock-Vina for  #
# more information.                                             #
#################################################################

Scoring function : vina
Rigid receptor: /mnt/d/CADD paper exercise/dual target docking/results/egfr_her2_panel40_v0/receptors/3POZ_receptor.pdbqt
Ligand: /mnt/d/CADD paper exercise/dual target docking/Maestro doc/vina_docking/ligands_pdbqt/EH40_18.pdbqt
Grid center: X 18.68 Y 32.127 Z 11.865
Grid size  : X 22.189 Y 20 Z 22.836
Grid space : 0.375
Exhaustiveness: 16
CPU: 1
Verbosity: 1

Computing Vina grid ... done.
Performing docking (random seed: 42) ... 
0%   10   20   30   40   50   60   70   80   90   100%
|----|----|----|----|----|----|----|----|----|----|
***************************************************

mode |   affinity | dist from best mode
     | (kcal/mol) | rmsd l.b.| rmsd u.b.
-----+------------+----------+----------
   1       -11.25          0          0
   2       -10.75      1.332      1.936
   3       -10.47      4.724      6.344
   4       -10.35       8.21      10.07
   5       -10.25      9.043      13.02
   6       -10.17       8.34      10.79
   7       -9.928      7.662      12.15
   8        -9.88      9.522      12.51
   9       -9.789      6.161      9.214
