              _             
             (_)            
   __ _ _ __  _ _ __   __ _ 
  / _` | '_ \| | '_ \ / _` |
 | (_| | | | | | | | | (_| |
  \__, |_| |_|_|_| |_|\__,_|
   __/ |                    
  |___/                     

gnina v1.3.2 master:f23dd2b   Built Jul  8 2025.
gnina is based on smina and AutoDock Vina.
Please cite appropriately.

Commandline: /mnt/d/CADD paper exercise/gnina/bin/gnina --receptor /tmp/pr39_fiveseed/Dual_Target_Docking/reruns/UNIFORM_RERUN_V4_2_20260921/01_receptors/2JKH_receptor.pdbqt --ligand /tmp/pr39_fiveseed/Dual_Target_Docking/reruns/UNIFORM_RERUN_V4_2_20260921/10_gnina_independent_docking/ligands_gnina_ad4_types/WVAPDSKWUGJHOT-DEOSSOPVSA-N.pdbqt --center_x -3.6430000000000002 --center_y 10.7695 --center_z 22.771 --size_x 20.0 --size_y 20.0 --size_z 21.118 --no_gpu --scoring vina --cnn_scoring rescore --pose_sort_order CNNscore --seed 42 --exhaustiveness 16 --num_modes 9 --cpu 1 --out /tmp/pr39_fiveseed/Dual_Target_Docking/reruns/UNIFORM_RERUN_V4_2_20260921/10_gnina_independent_docking/jobs/2JKH__WVAPDSKWUGJHOT-DEOSSOPVSA-N__seed42/out.pdbqt
Using random seed: 42

0%   10   20   30   40   50   60   70   80   90   100%
|----|----|----|----|----|----|----|----|----|----|
***************************************************
 | pose 0 | initial pose not within box

mode |  affinity  |  intramol  |    CNN     |   CNN
     | (kcal/mol) | (kcal/mol) | pose score | affinity
-----+------------+------------+------------+----------
    1      -10.57        0.68       0.8054      8.064
    2       -9.54        1.21       0.7665      7.662
    3      -10.06        0.53       0.7061      7.667
    4       -8.90        0.12       0.5485      7.696
    5       -8.76        1.04       0.5102      7.219
    6       -8.35       -0.08       0.4916      6.973
    7       -9.49       -0.76       0.4883      7.483
    8       -9.92       -0.63       0.4696      7.446
    9       -9.59       -0.53       0.4120      6.618

