              _             
             (_)            
   __ _ _ __  _ _ __   __ _ 
  / _` | '_ \| | '_ \ / _` |
 | (_| | | | | | | | | (_| |
  \__, |_| |_|_|_| |_|\__,_|
   __/ |                    
  |___/                     

gnina v1.3.2 master:f23dd2b   Built Jul  8 2025.
gnina is based on smina and AutoDock Vina.
Please cite appropriately.

Commandline: /mnt/d/CADD paper exercise/gnina/bin/gnina --receptor /tmp/pr39_fiveseed/Dual_Target_Docking/reruns/UNIFORM_RERUN_V4_2_20260921/01_receptors/8BXH_receptor.pdbqt --ligand /tmp/pr39_fiveseed/Dual_Target_Docking/reruns/UNIFORM_RERUN_V4_2_20260921/10_gnina_independent_docking/ligands_gnina_ad4_types/PMNFGEHMTFKKPU-GOSISDBHSA-N.pdbqt --center_x -12.589675 --center_y 14.593935000000002 --center_z 21.26255 --size_x 24.068690000000004 --size_y 20.0 --size_z 20.0 --no_gpu --scoring vina --cnn_scoring rescore --pose_sort_order CNNscore --seed 42 --exhaustiveness 16 --num_modes 9 --cpu 1 --out /tmp/pr39_fiveseed/Dual_Target_Docking/reruns/UNIFORM_RERUN_V4_2_20260921/10_gnina_independent_docking/jobs/8BXH__PMNFGEHMTFKKPU-GOSISDBHSA-N__seed42/out.pdbqt
Using random seed: 42

0%   10   20   30   40   50   60   70   80   90   100%
|----|----|----|----|----|----|----|----|----|----|
***************************************************
 | pose 0 | initial pose not within box

mode |  affinity  |  intramol  |    CNN     |   CNN
     | (kcal/mol) | (kcal/mol) | pose score | affinity
-----+------------+------------+------------+----------
    1       -8.25       -0.71       0.9748      8.201
    2       -7.30       -0.68       0.9518      7.954
    3       -8.10       -0.14       0.9472      8.033
    4       -7.77       -0.63       0.8071      7.751
    5       -7.23       -1.07       0.8041      7.633
    6       -7.39       -1.34       0.6213      7.427
    7       -7.38       -1.12       0.5411      7.412
    8       -7.31       -1.18       0.4510      7.513
    9       -6.90       -1.53       0.4392      7.043

