              _             
             (_)            
   __ _ _ __  _ _ __   __ _ 
  / _` | '_ \| | '_ \ / _` |
 | (_| | | | | | | | | (_| |
  \__, |_| |_|_|_| |_|\__,_|
   __/ |                    
  |___/                     

gnina v1.3.2 master:f23dd2b   Built Jul  8 2025.
gnina is based on smina and AutoDock Vina.
Please cite appropriately.

Commandline: /mnt/d/CADD paper exercise/gnina/bin/gnina --receptor /tmp/pr39_fiveseed/Dual_Target_Docking/reruns/UNIFORM_RERUN_V4_2_20260921/01_receptors/2JKH_receptor.pdbqt --ligand /tmp/pr39_fiveseed/Dual_Target_Docking/reruns/UNIFORM_RERUN_V4_2_20260921/10_gnina_independent_docking/ligands_gnina_ad4_types/JVSRYBVSQFIXMI-YTCPBCGMSA-N.pdbqt --center_x -3.6430000000000002 --center_y 10.7695 --center_z 22.771 --size_x 20.0 --size_y 20.0 --size_z 21.118 --no_gpu --scoring vina --cnn_scoring rescore --pose_sort_order CNNscore --seed 42 --exhaustiveness 16 --num_modes 9 --cpu 1 --out /tmp/pr39_fiveseed/Dual_Target_Docking/reruns/UNIFORM_RERUN_V4_2_20260921/10_gnina_independent_docking/jobs/2JKH__JVSRYBVSQFIXMI-YTCPBCGMSA-N__seed42/out.pdbqt
Using random seed: 42

0%   10   20   30   40   50   60   70   80   90   100%
|----|----|----|----|----|----|----|----|----|----|
***************************************************
 | pose 0 | initial pose not within box

mode |  affinity  |  intramol  |    CNN     |   CNN
     | (kcal/mol) | (kcal/mol) | pose score | affinity
-----+------------+------------+------------+----------
    1       -8.49       -0.96       0.4485      7.807
    2      -10.25       -1.66       0.3327      7.808
    3       -9.96        0.49       0.3256      8.016
    4       -9.24       -2.17       0.3118      7.726
    5       -9.18       -1.48       0.2745      7.248
    6       -8.92       -1.83       0.2678      7.658
    7       -9.62       -1.74       0.2666      7.722
    8       -9.83       -1.93       0.2614      7.723
    9       -9.15       -3.00       0.2570      7.689

