              _             
             (_)            
   __ _ _ __  _ _ __   __ _ 
  / _` | '_ \| | '_ \ / _` |
 | (_| | | | | | | | | (_| |
  \__, |_| |_|_|_| |_|\__,_|
   __/ |                    
  |___/                     

gnina v1.3.2 master:f23dd2b   Built Jul  8 2025.
gnina is based on smina and AutoDock Vina.
Please cite appropriately.

Commandline: /mnt/d/CADD paper exercise/gnina/bin/gnina --receptor /tmp/pr39_fiveseed/Dual_Target_Docking/reruns/UNIFORM_RERUN_V4_2_20260921/01_receptors/4JT6_receptor.pdbqt --ligand /tmp/pr39_fiveseed/Dual_Target_Docking/reruns/UNIFORM_RERUN_V4_2_20260921/09_secondary_scoring/gnina_rescore_representation_v2/4JT6__MVFQHVQABARLKS-UHFFFAOYSA-N/vina_mode3_gnina.pdbqt --score_only --no_gpu --scoring vina --cnn_scoring rescore
## Name gauss(o=0,_w=0.5,_c=8) gauss(o=3,_w=2,_c=8) repulsion(o=0,_c=8) hydrophobic(g=0.5,_b=1.5,_c=8) non_dir_h_bond(g=-0.7,_b=0,_c=8) num_tors_div
Affinity: -8.86481 (kcal/mol)
CNNscore: 0.39260 
CNNaffinity: 6.68042
CNNvariance: 0.15517
Intramolecular energy: -0.00040
Term values, before weighting:
##  69.75883 1264.49719 1.50309 33.40107 2.56952 0.00000

