              _             
             (_)            
   __ _ _ __  _ _ __   __ _ 
  / _` | '_ \| | '_ \ / _` |
 | (_| | | | | | | | | (_| |
  \__, |_| |_|_|_| |_|\__,_|
   __/ |                    
  |___/                     

gnina v1.3.2 master:f23dd2b   Built Jul  8 2025.
gnina is based on smina and AutoDock Vina.
Please cite appropriately.

Commandline: /mnt/d/CADD paper exercise/gnina/bin/gnina --receptor /tmp/pr39_fiveseed/Dual_Target_Docking/reruns/UNIFORM_RERUN_V4_2_20260921/01_receptors/4UDW_receptor.pdbqt --ligand /tmp/pr39_fiveseed/Dual_Target_Docking/reruns/UNIFORM_RERUN_V4_2_20260921/10_gnina_independent_docking/ligands_gnina_ad4_types/YPEJQZNLCKSDCY-ZWKOTPCHSA-N.pdbqt --center_x 129.73899999999998 --center_y -14.4025 --center_z 164.946 --size_x 20.599999999999994 --size_y 20.0 --size_z 20.0 --no_gpu --scoring vina --cnn_scoring rescore --pose_sort_order CNNscore --seed 42 --exhaustiveness 16 --num_modes 9 --cpu 1 --out /tmp/pr39_fiveseed/Dual_Target_Docking/reruns/UNIFORM_RERUN_V4_2_20260921/10_gnina_independent_docking/jobs/4UDW__YPEJQZNLCKSDCY-ZWKOTPCHSA-N__seed42/out.pdbqt
Using random seed: 42

0%   10   20   30   40   50   60   70   80   90   100%
|----|----|----|----|----|----|----|----|----|----|
***************************************************
 | pose 0 | initial pose not within box

mode |  affinity  |  intramol  |    CNN     |   CNN
     | (kcal/mol) | (kcal/mol) | pose score | affinity
-----+------------+------------+------------+----------
    1       -8.55       -1.24       0.9177      8.055
    2       -7.81       -0.99       0.5432      7.777
    3       -6.14        4.09       0.4982      7.265
    4       -7.25       -0.88       0.4941      7.019
    5       -7.27       -0.56       0.3437      7.170
    6       -6.52        2.75       0.2447      6.943
    7       -6.56       -0.47       0.2364      6.628
    8       -5.50        3.18       0.2170      5.593
    9       -5.37       -1.10       0.1674      4.922

