AutoDock Vina v1.2.7
#################################################################
# If you used AutoDock Vina in your work, please cite:          #
#                                                               #
# J. Eberhardt, D. Santos-Martins, A. F. Tillack, and S. Forli  #
# AutoDock Vina 1.2.0: New Docking Methods, Expanded Force      #
# Field, and Python Bindings, J. Chem. Inf. Model. (2021)       #
# DOI 10.1021/acs.jcim.1c00203                                  #
#                                                               #
# O. Trott, A. J. Olson,                                        #
# AutoDock Vina: improving the speed and accuracy of docking    #
# with a new scoring function, efficient optimization and       #
# multithreading, J. Comp. Chem. (2010)                         #
# DOI 10.1002/jcc.21334                                         #
#                                                               #
# Please see https://github.com/ccsb-scripps/AutoDock-Vina for  #
# more information.                                             #
#################################################################

Scoring function : vina
Rigid receptor: /home/gwj/vina_work/receptors/3POZ_receptor.pdbqt
Ligand: /home/gwj/vina_work/ligands_pdbqt/EH40_29.pdbqt
Grid center: X 18.68 Y 32.127 Z 11.865
Grid size  : X 22.189 Y 20 Z 22.836
Grid space : 0.375
Exhaustiveness: 8
CPU: 1
Verbosity: 1

Computing Vina grid ... done.
Performing docking (random seed: -1141882236) ... 
0%   10   20   30   40   50   60   70   80   90   100%
|----|----|----|----|----|----|----|----|----|----|
***************************************************

mode |   affinity | dist from best mode
     | (kcal/mol) | rmsd l.b.| rmsd u.b.
-----+------------+----------+----------
   1       -9.298          0          0
   2       -9.295      4.831      7.883
   3       -9.258      5.139      8.984
   4        -8.94       5.65      7.645
   5       -8.926      5.322       9.38
   6       -8.769      6.207      8.327
   7        -8.72      5.578      9.472
   8       -8.634      4.591      7.393
   9       -8.463      6.616      8.301
