AutoDock Vina v1.2.7
#################################################################
# If you used AutoDock Vina in your work, please cite:          #
#                                                               #
# J. Eberhardt, D. Santos-Martins, A. F. Tillack, and S. Forli  #
# AutoDock Vina 1.2.0: New Docking Methods, Expanded Force      #
# Field, and Python Bindings, J. Chem. Inf. Model. (2021)       #
# DOI 10.1021/acs.jcim.1c00203                                  #
#                                                               #
# O. Trott, A. J. Olson,                                        #
# AutoDock Vina: improving the speed and accuracy of docking    #
# with a new scoring function, efficient optimization and       #
# multithreading, J. Comp. Chem. (2010)                         #
# DOI 10.1002/jcc.21334                                         #
#                                                               #
# Please see https://github.com/ccsb-scripps/AutoDock-Vina for  #
# more information.                                             #
#################################################################

Scoring function : vina
Rigid receptor: /home/gwj/vina_work/receptors/3POZ_receptor.pdbqt
Ligand: /home/gwj/vina_work/ligands_pdbqt/EH40_33.pdbqt
Grid center: X 18.68 Y 32.127 Z 11.865
Grid size  : X 22.189 Y 20 Z 22.836
Grid space : 0.375
Exhaustiveness: 8
CPU: 1
Verbosity: 1

Computing Vina grid ... done.
Performing docking (random seed: -915308724) ... 
0%   10   20   30   40   50   60   70   80   90   100%
|----|----|----|----|----|----|----|----|----|----|
***************************************************

mode |   affinity | dist from best mode
     | (kcal/mol) | rmsd l.b.| rmsd u.b.
-----+------------+----------+----------
   1        -10.7          0          0
   2       -10.68      4.737      8.888
   3       -10.67      5.272       9.13
   4       -10.59      3.325      7.203
   5       -10.45      6.605      10.14
   6       -10.39      3.982      5.972
   7       -10.08      6.077      9.483
   8       -9.939      3.694       7.49
   9       -9.812      5.932      9.232
