AutoDock Vina v1.2.7
#################################################################
# If you used AutoDock Vina in your work, please cite:          #
#                                                               #
# J. Eberhardt, D. Santos-Martins, A. F. Tillack, and S. Forli  #
# AutoDock Vina 1.2.0: New Docking Methods, Expanded Force      #
# Field, and Python Bindings, J. Chem. Inf. Model. (2021)       #
# DOI 10.1021/acs.jcim.1c00203                                  #
#                                                               #
# O. Trott, A. J. Olson,                                        #
# AutoDock Vina: improving the speed and accuracy of docking    #
# with a new scoring function, efficient optimization and       #
# multithreading, J. Comp. Chem. (2010)                         #
# DOI 10.1002/jcc.21334                                         #
#                                                               #
# Please see https://github.com/ccsb-scripps/AutoDock-Vina for  #
# more information.                                             #
#################################################################

Scoring function : vina
Rigid receptor: /home/gwj/vina_work/receptors/3POZ_receptor.pdbqt
Ligand: /home/gwj/vina_work/ligands_pdbqt/EH40_16.pdbqt
Grid center: X 18.68 Y 32.127 Z 11.865
Grid size  : X 22.189 Y 20 Z 22.836
Grid space : 0.375
Exhaustiveness: 8
CPU: 1
Verbosity: 1

Computing Vina grid ... done.
Performing docking (random seed: 1949577313) ... 
0%   10   20   30   40   50   60   70   80   90   100%
|----|----|----|----|----|----|----|----|----|----|
***************************************************

mode |   affinity | dist from best mode
     | (kcal/mol) | rmsd l.b.| rmsd u.b.
-----+------------+----------+----------
   1       -10.47          0          0
   2       -10.22       3.04       6.95
   3       -9.684      4.561      8.048
   4       -9.678      1.411       5.13
   5       -9.438      2.997      6.026
   6       -9.428        3.3      5.045
   7       -9.037      4.097      9.099
   8       -9.018      4.988      7.932
   9       -8.756       5.57      8.879
