AutoDock Vina v1.2.7
#################################################################
# If you used AutoDock Vina in your work, please cite:          #
#                                                               #
# J. Eberhardt, D. Santos-Martins, A. F. Tillack, and S. Forli  #
# AutoDock Vina 1.2.0: New Docking Methods, Expanded Force      #
# Field, and Python Bindings, J. Chem. Inf. Model. (2021)       #
# DOI 10.1021/acs.jcim.1c00203                                  #
#                                                               #
# O. Trott, A. J. Olson,                                        #
# AutoDock Vina: improving the speed and accuracy of docking    #
# with a new scoring function, efficient optimization and       #
# multithreading, J. Comp. Chem. (2010)                         #
# DOI 10.1002/jcc.21334                                         #
#                                                               #
# Please see https://github.com/ccsb-scripps/AutoDock-Vina for  #
# more information.                                             #
#################################################################

Scoring function : vina
Rigid receptor: /home/gwj/vina_work/receptors/3RCD_receptor.pdbqt
Ligand: /home/gwj/vina_work/ligands_pdbqt/EH40_22.pdbqt
Grid center: X 12.463 Y 3.371 Z 27.619
Grid size  : X 23.222 Y 23.155 Z 20
Grid space : 0.375
Exhaustiveness: 8
CPU: 1
Verbosity: 1

Computing Vina grid ... done.
Performing docking (random seed: 1652935012) ... 
0%   10   20   30   40   50   60   70   80   90   100%
|----|----|----|----|----|----|----|----|----|----|
***************************************************

mode |   affinity | dist from best mode
     | (kcal/mol) | rmsd l.b.| rmsd u.b.
-----+------------+----------+----------
   1       -10.13          0          0
   2       -10.04      1.134      1.643
   3       -9.914      2.236      2.941
   4       -9.373      2.135       3.31
   5       -9.365      6.321      12.02
   6       -9.139      2.391      3.416
   7       -8.812      3.104      4.217
   8       -8.777       4.94      9.798
   9       -8.753       2.05      2.814
