AutoDock Vina v1.2.7
#################################################################
# If you used AutoDock Vina in your work, please cite:          #
#                                                               #
# J. Eberhardt, D. Santos-Martins, A. F. Tillack, and S. Forli  #
# AutoDock Vina 1.2.0: New Docking Methods, Expanded Force      #
# Field, and Python Bindings, J. Chem. Inf. Model. (2021)       #
# DOI 10.1021/acs.jcim.1c00203                                  #
#                                                               #
# O. Trott, A. J. Olson,                                        #
# AutoDock Vina: improving the speed and accuracy of docking    #
# with a new scoring function, efficient optimization and       #
# multithreading, J. Comp. Chem. (2010)                         #
# DOI 10.1002/jcc.21334                                         #
#                                                               #
# Please see https://github.com/ccsb-scripps/AutoDock-Vina for  #
# more information.                                             #
#################################################################

Scoring function : vina
Rigid receptor: /home/gwj/vina_work/receptors/3RCD_receptor.pdbqt
Ligand: /home/gwj/vina_work/ligands_pdbqt/EH40_18.pdbqt
Grid center: X 12.463 Y 3.371 Z 27.619
Grid size  : X 23.222 Y 23.155 Z 20
Grid space : 0.375
Exhaustiveness: 8
CPU: 1
Verbosity: 1

Computing Vina grid ... done.
Performing docking (random seed: -2005322927) ... 
0%   10   20   30   40   50   60   70   80   90   100%
|----|----|----|----|----|----|----|----|----|----|
***************************************************

mode |   affinity | dist from best mode
     | (kcal/mol) | rmsd l.b.| rmsd u.b.
-----+------------+----------+----------
   1       -12.29          0          0
   2       -11.94      2.186      2.741
   3        -10.6      2.167      3.067
   4       -10.58      2.277      2.919
   5       -10.42      4.223      12.59
   6       -10.35      3.719      12.07
   7       -10.13      2.893      3.996
   8       -9.635      2.336      3.072
   9       -9.465      3.095      3.913
