              _             
             (_)            
   __ _ _ __  _ _ __   __ _ 
  / _` | '_ \| | '_ \ / _` |
 | (_| | | | | | | | | (_| |
  \__, |_| |_|_|_| |_|\__,_|
   __/ |                    
  |___/                     

gnina v1.3.2 master:f23dd2b   Built Jul  8 2025.
gnina is based on smina and AutoDock Vina.
Please cite appropriately.

Commandline: /mnt/d/CADD paper exercise/gnina/bin/gnina --receptor /tmp/pr39_fiveseed/Dual_Target_Docking/reruns/UNIFORM_RERUN_V4_2_20260921/01_receptors/6N7A_receptor.pdbqt --ligand /tmp/pr39_fiveseed/Dual_Target_Docking/reruns/UNIFORM_RERUN_V4_2_20260921/10_gnina_independent_docking/ligands_gnina_ad4_types/ILTMPNUQSMRDOS-VVPTUSLJSA-N.pdbqt --center_x 5.911 --center_y -24.3175 --center_z 21.494500000000002 --size_x 20.0 --size_y 20.597 --size_z 20.0 --no_gpu --scoring vina --cnn_scoring rescore --pose_sort_order CNNscore --seed 42 --exhaustiveness 16 --num_modes 9 --cpu 1 --out /tmp/pr39_fiveseed/Dual_Target_Docking/reruns/UNIFORM_RERUN_V4_2_20260921/10_gnina_independent_docking/jobs/6N7A__ILTMPNUQSMRDOS-VVPTUSLJSA-N__seed42/out.pdbqt
Using random seed: 42

0%   10   20   30   40   50   60   70   80   90   100%
|----|----|----|----|----|----|----|----|----|----|
***************************************************
 | pose 0 | initial pose not within box

mode |  affinity  |  intramol  |    CNN     |   CNN
     | (kcal/mol) | (kcal/mol) | pose score | affinity
-----+------------+------------+------------+----------
    1      -10.08        0.57       0.9835      8.548
    2       -9.48        0.47       0.9475      8.462
    3       -9.14       -0.76       0.9322      8.387
    4       -9.45       -0.14       0.9296      8.410
    5       -8.93        1.70       0.5672      7.615
    6       -8.88        1.96       0.5123      7.732
    7       -9.98        2.05       0.4180      7.559
    8       -8.54       -0.83       0.3449      7.555
    9       -9.45        1.36       0.3285      7.427

