              _             
             (_)            
   __ _ _ __  _ _ __   __ _ 
  / _` | '_ \| | '_ \ / _` |
 | (_| | | | | | | | | (_| |
  \__, |_| |_|_|_| |_|\__,_|
   __/ |                    
  |___/                     

gnina v1.3.2 master:f23dd2b   Built Jul  8 2025.
gnina is based on smina and AutoDock Vina.
Please cite appropriately.

Commandline: /mnt/d/CADD paper exercise/gnina/bin/gnina --receptor /tmp/pr39_fiveseed/Dual_Target_Docking/reruns/UNIFORM_RERUN_V4_2_20260921/01_receptors/3POZ_receptor.pdbqt --ligand /tmp/pr39_fiveseed/Dual_Target_Docking/reruns/UNIFORM_RERUN_V4_2_20260921/10_gnina_independent_docking/ligands_gnina_ad4_types/XIEDBRMNHVILCQ-UHFFFAOYSA-N.pdbqt --center_x 18.746 --center_y 31.832 --center_z 11.626 --size_x 20.75 --size_y 20.0 --size_z 21.218 --no_gpu --scoring vina --cnn_scoring rescore --pose_sort_order CNNscore --seed 42 --exhaustiveness 16 --num_modes 9 --cpu 1 --out /tmp/pr39_fiveseed/Dual_Target_Docking/reruns/UNIFORM_RERUN_V4_2_20260921/10_gnina_independent_docking/jobs/3POZ__XIEDBRMNHVILCQ-UHFFFAOYSA-N__seed42/out.pdbqt
Using random seed: 42

0%   10   20   30   40   50   60   70   80   90   100%
|----|----|----|----|----|----|----|----|----|----|
***************************************************
 | pose 0 | initial pose not within box

mode |  affinity  |  intramol  |    CNN     |   CNN
     | (kcal/mol) | (kcal/mol) | pose score | affinity
-----+------------+------------+------------+----------
    1       -8.17        0.04       0.8798      6.618
    2       -7.77        0.29       0.6004      6.384
    3       -9.58       -0.47       0.4709      6.381
    4       -9.77       -0.33       0.4540      6.363
    5       -8.58       -0.55       0.4294      6.185
    6       -9.78       -0.47       0.4124      6.248
    7       -9.09        0.31       0.3992      6.253
    8       -8.65       -0.78       0.3665      5.812
    9       -8.73       -0.59       0.3481      6.297

