              _             
             (_)            
   __ _ _ __  _ _ __   __ _ 
  / _` | '_ \| | '_ \ / _` |
 | (_| | | | | | | | | (_| |
  \__, |_| |_|_|_| |_|\__,_|
   __/ |                    
  |___/                     

gnina v1.3.2 master:f23dd2b   Built Jul  8 2025.
gnina is based on smina and AutoDock Vina.
Please cite appropriately.

Commandline: /mnt/d/CADD paper exercise/gnina/bin/gnina --receptor /tmp/pr39_fiveseed/Dual_Target_Docking/reruns/UNIFORM_RERUN_V4_2_20260921/01_receptors/4EY7_receptor.pdbqt --ligand /tmp/pr39_fiveseed/Dual_Target_Docking/reruns/UNIFORM_RERUN_V4_2_20260921/10_gnina_independent_docking/ligands_gnina_ad4_types/JORCOHASOWOJOX-UHFFFAOYSA-N.pdbqt --center_x -13.9875 --center_y -43.9055 --center_z 27.1085 --size_x 23.341 --size_y 20.0 --size_z 20.355 --no_gpu --scoring vina --cnn_scoring rescore --pose_sort_order CNNscore --seed 42 --exhaustiveness 16 --num_modes 9 --cpu 1 --out /tmp/pr39_fiveseed/Dual_Target_Docking/reruns/UNIFORM_RERUN_V4_2_20260921/10_gnina_independent_docking/jobs/4EY7__JORCOHASOWOJOX-UHFFFAOYSA-N__seed42/out.pdbqt
Using random seed: 42

0%   10   20   30   40   50   60   70   80   90   100%
|----|----|----|----|----|----|----|----|----|----|
***************************************************
 | pose 0 | initial pose not within box
 | pose 0 | ligand outside box

mode |  affinity  |  intramol  |    CNN     |   CNN
     | (kcal/mol) | (kcal/mol) | pose score | affinity
-----+------------+------------+------------+----------
    1       -9.53       -0.82       0.5466      6.546
    2       -9.21       -0.51       0.5342      6.234
    3       -8.07        0.60       0.4453      5.875
    4       -8.39       -1.49       0.4267      6.240
    5       -9.38       -0.74       0.4241      6.469
    6       -8.31       -1.36       0.4167      6.157
    7       -8.63       -0.36       0.3969      6.030
    8       -8.01        0.01       0.3942      6.165
    9       -8.53        4.63       0.3915      7.075

