              _             
             (_)            
   __ _ _ __  _ _ __   __ _ 
  / _` | '_ \| | '_ \ / _` |
 | (_| | | | | | | | | (_| |
  \__, |_| |_|_|_| |_|\__,_|
   __/ |                    
  |___/                     

gnina v1.3.2 master:f23dd2b   Built Jul  8 2025.
gnina is based on smina and AutoDock Vina.
Please cite appropriately.

Commandline: /mnt/d/CADD paper exercise/gnina/bin/gnina --receptor /tmp/pr39_fiveseed/Dual_Target_Docking/reruns/UNIFORM_RERUN_V4_2_20260921/01_receptors/3POZ_receptor.pdbqt --ligand /tmp/pr39_fiveseed/Dual_Target_Docking/reruns/UNIFORM_RERUN_V4_2_20260921/10_gnina_independent_docking/ligands_gnina_ad4_types/UNTXLEZCEUSPFP-QNCXMEKNSA-N.pdbqt --center_x 18.746 --center_y 31.832 --center_z 11.626 --size_x 20.75 --size_y 20.0 --size_z 21.218 --no_gpu --scoring vina --cnn_scoring rescore --pose_sort_order CNNscore --seed 42 --exhaustiveness 16 --num_modes 9 --cpu 1 --out /tmp/pr39_fiveseed/Dual_Target_Docking/reruns/UNIFORM_RERUN_V4_2_20260921/10_gnina_independent_docking/jobs/3POZ__UNTXLEZCEUSPFP-QNCXMEKNSA-N__seed42/out.pdbqt
Using random seed: 42

0%   10   20   30   40   50   60   70   80   90   100%
|----|----|----|----|----|----|----|----|----|----|
***************************************************
 | pose 0 | initial pose not within box

mode |  affinity  |  intramol  |    CNN     |   CNN
     | (kcal/mol) | (kcal/mol) | pose score | affinity
-----+------------+------------+------------+----------
    1       -8.74       -1.36       0.7766      7.952
    2       -9.11       -0.99       0.7375      8.083
    3       -8.45       -0.66       0.6705      7.732
    4       -9.06        0.96       0.4810      7.723
    5       -8.58       -0.28       0.4797      7.569
    6       -9.08        1.33       0.4569      7.805
    7       -8.89       -1.17       0.4490      7.687
    8       -8.77       -0.02       0.4430      7.707
    9       -9.31       -0.94       0.4235      7.878

