              _             
             (_)            
   __ _ _ __  _ _ __   __ _ 
  / _` | '_ \| | '_ \ / _` |
 | (_| | | | | | | | | (_| |
  \__, |_| |_|_|_| |_|\__,_|
   __/ |                    
  |___/                     

gnina v1.3.2 master:f23dd2b   Built Jul  8 2025.
gnina is based on smina and AutoDock Vina.
Please cite appropriately.

Commandline: /mnt/d/CADD paper exercise/gnina/bin/gnina --receptor /tmp/pr39_fiveseed/Dual_Target_Docking/reruns/UNIFORM_RERUN_V4_2_20260921/01_receptors/3POZ_receptor.pdbqt --ligand /tmp/pr39_fiveseed/Dual_Target_Docking/reruns/UNIFORM_RERUN_V4_2_20260921/10_gnina_independent_docking/ligands_gnina_ad4_types/NRBHFTJDRVHSST-WTKPLQERSA-N.pdbqt --center_x 18.746 --center_y 31.832 --center_z 11.626 --size_x 20.75 --size_y 20.0 --size_z 21.218 --no_gpu --scoring vina --cnn_scoring rescore --pose_sort_order CNNscore --seed 42 --exhaustiveness 16 --num_modes 9 --cpu 1 --out /tmp/pr39_fiveseed/Dual_Target_Docking/reruns/UNIFORM_RERUN_V4_2_20260921/10_gnina_independent_docking/jobs/3POZ__NRBHFTJDRVHSST-WTKPLQERSA-N__seed42/out.pdbqt
Using random seed: 42

0%   10   20   30   40   50   60   70   80   90   100%
|----|----|----|----|----|----|----|----|----|----|
***************************************************
 | pose 0 | initial pose not within box

mode |  affinity  |  intramol  |    CNN     |   CNN
     | (kcal/mol) | (kcal/mol) | pose score | affinity
-----+------------+------------+------------+----------
    1       -7.55       -1.12       0.7539      6.971
    2       -8.15       -1.05       0.7234      6.599
    3       -9.37       -0.21       0.7080      6.781
    4       -8.11       -0.95       0.6732      6.665
    5       -7.12       -0.55       0.6596      6.791
    6       -7.78       -0.48       0.5499      6.538
    7       -8.87       -0.57       0.4010      6.186
    8       -7.96        0.68       0.3394      6.959
    9       -9.21        0.19       0.3107      6.214

