              _             
             (_)            
   __ _ _ __  _ _ __   __ _ 
  / _` | '_ \| | '_ \ / _` |
 | (_| | | | | | | | | (_| |
  \__, |_| |_|_|_| |_|\__,_|
   __/ |                    
  |___/                     

gnina v1.3.2 master:f23dd2b   Built Jul  8 2025.
gnina is based on smina and AutoDock Vina.
Please cite appropriately.

Commandline: /mnt/d/CADD paper exercise/gnina/bin/gnina --receptor /tmp/pr39_fiveseed/Dual_Target_Docking/reruns/UNIFORM_RERUN_V4_2_20260921/01_receptors/3RCD_receptor.pdbqt --ligand /tmp/pr39_fiveseed/Dual_Target_Docking/reruns/UNIFORM_RERUN_V4_2_20260921/10_gnina_independent_docking/ligands_gnina_ad4_types/ZYQXEVJIFYIBHZ-UHFFFAOYSA-N.pdbqt --center_x 12.48 --center_y 2.9635 --center_z 28.015 --size_x 21.162 --size_y 22.163 --size_z 20.0 --no_gpu --scoring vina --cnn_scoring rescore --pose_sort_order CNNscore --seed 42 --exhaustiveness 16 --num_modes 9 --cpu 1 --out /tmp/pr39_fiveseed/Dual_Target_Docking/reruns/UNIFORM_RERUN_V4_2_20260921/10_gnina_independent_docking/jobs/3RCD__ZYQXEVJIFYIBHZ-UHFFFAOYSA-N__seed42/out.pdbqt
Using random seed: 42

0%   10   20   30   40   50   60   70   80   90   100%
|----|----|----|----|----|----|----|----|----|----|
***************************************************
 | pose 0 | initial pose not within box

mode |  affinity  |  intramol  |    CNN     |   CNN
     | (kcal/mol) | (kcal/mol) | pose score | affinity
-----+------------+------------+------------+----------
    1      -10.14        0.33       0.9616      8.429
    2       -9.95       -1.25       0.9339      8.419
    3       -9.66        0.75       0.9222      8.236
    4       -9.51       -0.98       0.9206      8.324
    5       -9.51       -0.51       0.9057      8.247
    6       -9.53       -0.37       0.9049      8.355
    7       -8.71       -0.24       0.9036      8.289
    8      -10.21       -1.17       0.8997      8.421
    9       -9.42       -0.39       0.8619      8.271

