AutoDock Vina v1.2.7
#################################################################
# If you used AutoDock Vina in your work, please cite:          #
#                                                               #
# J. Eberhardt, D. Santos-Martins, A. F. Tillack, and S. Forli  #
# AutoDock Vina 1.2.0: New Docking Methods, Expanded Force      #
# Field, and Python Bindings, J. Chem. Inf. Model. (2021)       #
# DOI 10.1021/acs.jcim.1c00203                                  #
#                                                               #
# O. Trott, A. J. Olson,                                        #
# AutoDock Vina: improving the speed and accuracy of docking    #
# with a new scoring function, efficient optimization and       #
# multithreading, J. Comp. Chem. (2010)                         #
# DOI 10.1002/jcc.21334                                         #
#                                                               #
# Please see https://github.com/ccsb-scripps/AutoDock-Vina for  #
# more information.                                             #
#################################################################

Scoring function : vina
Rigid receptor: /mnt/d/CADD paper exercise/dual target docking/results/egfr_her2_panel40_v0/receptors/3POZ_receptor.pdbqt
Ligand: /mnt/d/CADD paper exercise/dual target docking/Maestro doc/vina_docking/ligands_pdbqt/EH40_05.pdbqt
Grid center: X 18.68 Y 32.127 Z 11.865
Grid size  : X 22.189 Y 20 Z 22.836
Grid space : 0.375
Exhaustiveness: 32
CPU: 1
Verbosity: 1

Computing Vina grid ... done.
Performing docking (random seed: 20260727) ... 
0%   10   20   30   40   50   60   70   80   90   100%
|----|----|----|----|----|----|----|----|----|----|
***************************************************

mode |   affinity | dist from best mode
     | (kcal/mol) | rmsd l.b.| rmsd u.b.
-----+------------+----------+----------
   1       -10.13          0          0
   2       -9.726      2.041      2.886
   3       -9.664       3.86       7.03
   4       -9.569      4.579      7.506
   5       -9.519      2.261      3.496
   6       -9.389      6.811      9.957
   7       -9.381      2.311      7.617
   8        -9.38       3.22      6.445
   9       -9.259      2.539       8.64
