              _             
             (_)            
   __ _ _ __  _ _ __   __ _ 
  / _` | '_ \| | '_ \ / _` |
 | (_| | | | | | | | | (_| |
  \__, |_| |_|_|_| |_|\__,_|
   __/ |                    
  |___/                     

gnina v1.3.2 master:f23dd2b   Built Jul  8 2025.
gnina is based on smina and AutoDock Vina.
Please cite appropriately.

Commandline: /mnt/d/CADD paper exercise/gnina/bin/gnina --receptor /tmp/pr39_fiveseed/Dual_Target_Docking/reruns/UNIFORM_RERUN_V4_2_20260921/01_receptors/5U3Q_receptor.pdbqt --ligand /tmp/pr39_fiveseed/Dual_Target_Docking/reruns/UNIFORM_RERUN_V4_2_20260921/10_gnina_independent_docking/ligands_gnina_ad4_types/JRLWCVYDISBEGH-UHFFFAOYSA-N.pdbqt --center_x 45.416 --center_y -37.679500000000004 --center_z 103.97649999999999 --size_x 20.0 --size_y 20.0 --size_z 22.448999999999998 --no_gpu --scoring vina --cnn_scoring rescore --pose_sort_order CNNscore --seed 42 --exhaustiveness 16 --num_modes 9 --cpu 1 --out /tmp/pr39_fiveseed/Dual_Target_Docking/reruns/UNIFORM_RERUN_V4_2_20260921/10_gnina_independent_docking/jobs/5U3Q__JRLWCVYDISBEGH-UHFFFAOYSA-N__seed42/out.pdbqt
Using random seed: 42

0%   10   20   30   40   50   60   70   80   90   100%
|----|----|----|----|----|----|----|----|----|----|
***************************************************
 | pose 0 | initial pose not within box

mode |  affinity  |  intramol  |    CNN     |   CNN
     | (kcal/mol) | (kcal/mol) | pose score | affinity
-----+------------+------------+------------+----------
    1      -10.85       -0.67       0.6825      7.294
    2      -11.16        0.22       0.6096      7.031
    3      -10.04       -0.57       0.5987      6.978
    4      -11.23       -1.21       0.5571      6.999
    5      -10.41       -0.78       0.5313      6.550
    6      -11.76        0.19       0.5312      7.274
    7      -10.18       -0.61       0.5069      6.463
    8       -9.59        0.04       0.4999      7.037
    9      -10.45       -0.63       0.4921      6.951

