              _             
             (_)            
   __ _ _ __  _ _ __   __ _ 
  / _` | '_ \| | '_ \ / _` |
 | (_| | | | | | | | | (_| |
  \__, |_| |_|_|_| |_|\__,_|
   __/ |                    
  |___/                     

gnina v1.3.2 master:f23dd2b   Built Jul  8 2025.
gnina is based on smina and AutoDock Vina.
Please cite appropriately.

Commandline: /mnt/d/CADD paper exercise/gnina/bin/gnina --receptor /tmp/pr39_fiveseed/Dual_Target_Docking/reruns/UNIFORM_RERUN_V4_2_20260921/01_receptors/6N7A_receptor.pdbqt --ligand /tmp/pr39_fiveseed/Dual_Target_Docking/reruns/UNIFORM_RERUN_V4_2_20260921/10_gnina_independent_docking/ligands_gnina_ad4_types/JXXOAWDMPAWACX-HAQNSBGRSA-N.pdbqt --center_x 5.911 --center_y -24.3175 --center_z 21.494500000000002 --size_x 20.0 --size_y 20.597 --size_z 20.0 --no_gpu --scoring vina --cnn_scoring rescore --pose_sort_order CNNscore --seed 42 --exhaustiveness 16 --num_modes 9 --cpu 1 --out /tmp/pr39_fiveseed/Dual_Target_Docking/reruns/UNIFORM_RERUN_V4_2_20260921/10_gnina_independent_docking/jobs/6N7A__JXXOAWDMPAWACX-HAQNSBGRSA-N__seed42/out.pdbqt
Using random seed: 42

0%   10   20   30   40   50   60   70   80   90   100%
|----|----|----|----|----|----|----|----|----|----|
***************************************************
 | pose 0 | initial pose not within box

mode |  affinity  |  intramol  |    CNN     |   CNN
     | (kcal/mol) | (kcal/mol) | pose score | affinity
-----+------------+------------+------------+----------
    1       -7.39        2.00       0.9776      7.239
    2       -7.48        0.41       0.8952      6.815
    3       -6.67        0.32       0.8907      6.866
    4       -6.72        1.96       0.8695      6.756
    5       -7.34        0.57       0.8524      6.665
    6       -6.77        0.27       0.8514      6.765
    7       -7.28        0.22       0.8367      6.661
    8       -6.97        1.50       0.8228      6.627
    9       -7.31        0.55       0.7817      6.531

