              _             
             (_)            
   __ _ _ __  _ _ __   __ _ 
  / _` | '_ \| | '_ \ / _` |
 | (_| | | | | | | | | (_| |
  \__, |_| |_|_|_| |_|\__,_|
   __/ |                    
  |___/                     

gnina v1.3.2 master:f23dd2b   Built Jul  8 2025.
gnina is based on smina and AutoDock Vina.
Please cite appropriately.

Commandline: /mnt/d/CADD paper exercise/gnina/bin/gnina --receptor /tmp/pr39_fiveseed/Dual_Target_Docking/reruns/UNIFORM_RERUN_V4_2_20260921/01_receptors/6N7A_receptor.pdbqt --ligand /tmp/pr39_fiveseed/Dual_Target_Docking/reruns/UNIFORM_RERUN_V4_2_20260921/10_gnina_independent_docking/ligands_gnina_ad4_types/VKZZRIHGEAOOMI-BRWVUGGUSA-N.pdbqt --center_x 5.911 --center_y -24.3175 --center_z 21.494500000000002 --size_x 20.0 --size_y 20.597 --size_z 20.0 --no_gpu --scoring vina --cnn_scoring rescore --pose_sort_order CNNscore --seed 42 --exhaustiveness 16 --num_modes 9 --cpu 1 --out /tmp/pr39_fiveseed/Dual_Target_Docking/reruns/UNIFORM_RERUN_V4_2_20260921/10_gnina_independent_docking/jobs/6N7A__VKZZRIHGEAOOMI-BRWVUGGUSA-N__seed42/out.pdbqt
Using random seed: 42

0%   10   20   30   40   50   60   70   80   90   100%
|----|----|----|----|----|----|----|----|----|----|
***************************************************
 | pose 0 | initial pose not within box

mode |  affinity  |  intramol  |    CNN     |   CNN
     | (kcal/mol) | (kcal/mol) | pose score | affinity
-----+------------+------------+------------+----------
    1       -9.35       -0.88       0.9313      7.713
    2       -9.04        0.05       0.9112      7.578
    3       -8.83        0.13       0.8042      7.682
    4       -8.75        0.68       0.7617      7.687
    5       -7.68        1.49       0.7184      7.335
    6       -8.77        0.19       0.6518      7.456
    7       -8.95        0.23       0.6185      7.221
    8       -8.18        0.56       0.5921      7.120
    9       -8.77       -0.59       0.5302      7.271

