              _             
             (_)            
   __ _ _ __  _ _ __   __ _ 
  / _` | '_ \| | '_ \ / _` |
 | (_| | | | | | | | | (_| |
  \__, |_| |_|_|_| |_|\__,_|
   __/ |                    
  |___/                     

gnina v1.3.2 master:f23dd2b   Built Jul  8 2025.
gnina is based on smina and AutoDock Vina.
Please cite appropriately.

Commandline: /mnt/d/CADD paper exercise/gnina/bin/gnina --receptor /tmp/pr39_fiveseed/Dual_Target_Docking/reruns/UNIFORM_RERUN_V4_2_20260921/01_receptors/5U3Q_receptor.pdbqt --ligand /tmp/pr39_fiveseed/Dual_Target_Docking/reruns/UNIFORM_RERUN_V4_2_20260921/10_gnina_independent_docking/ligands_gnina_ad4_types/NGCBWFOLJZBGAA-UHFFFAOYSA-N.pdbqt --center_x 45.416 --center_y -37.679500000000004 --center_z 103.97649999999999 --size_x 20.0 --size_y 20.0 --size_z 22.448999999999998 --no_gpu --scoring vina --cnn_scoring rescore --pose_sort_order CNNscore --seed 42 --exhaustiveness 16 --num_modes 9 --cpu 1 --out /tmp/pr39_fiveseed/Dual_Target_Docking/reruns/UNIFORM_RERUN_V4_2_20260921/10_gnina_independent_docking/jobs/5U3Q__NGCBWFOLJZBGAA-UHFFFAOYSA-N__seed42/out.pdbqt
Using random seed: 42

0%   10   20   30   40   50   60   70   80   90   100%
|----|----|----|----|----|----|----|----|----|----|
***************************************************
 | pose 0 | initial pose not within box

mode |  affinity  |  intramol  |    CNN     |   CNN
     | (kcal/mol) | (kcal/mol) | pose score | affinity
-----+------------+------------+------------+----------
    1       -9.30       -1.13       0.9184      7.064
    2       -9.42       -1.08       0.8554      6.913
    3       -9.53       -1.07       0.8349      7.162
    4       -9.52       -1.07       0.8020      6.795
    5       -8.32        2.07       0.7662      6.873
    6       -9.46       -0.75       0.7617      6.898
    7       -8.46       -1.21       0.7083      6.689
    8       -9.55       -0.73       0.6528      6.459
    9       -9.56       -0.56       0.5692      6.534

