              _             
             (_)            
   __ _ _ __  _ _ __   __ _ 
  / _` | '_ \| | '_ \ / _` |
 | (_| | | | | | | | | (_| |
  \__, |_| |_|_|_| |_|\__,_|
   __/ |                    
  |___/                     

gnina v1.3.2 master:f23dd2b   Built Jul  8 2025.
gnina is based on smina and AutoDock Vina.
Please cite appropriately.

Commandline: /mnt/d/CADD paper exercise/gnina/bin/gnina --receptor /tmp/pr39_fiveseed/Dual_Target_Docking/reruns/UNIFORM_RERUN_V4_2_20260921/01_receptors/6N7A_receptor.pdbqt --ligand /tmp/pr39_fiveseed/Dual_Target_Docking/reruns/UNIFORM_RERUN_V4_2_20260921/10_gnina_independent_docking/ligands_gnina_ad4_types/TUYPRUOSDMDIKE-UHFFFAOYSA-N.pdbqt --center_x 5.911 --center_y -24.3175 --center_z 21.494500000000002 --size_x 20.0 --size_y 20.597 --size_z 20.0 --no_gpu --scoring vina --cnn_scoring rescore --pose_sort_order CNNscore --seed 42 --exhaustiveness 16 --num_modes 9 --cpu 1 --out /tmp/pr39_fiveseed/Dual_Target_Docking/reruns/UNIFORM_RERUN_V4_2_20260921/10_gnina_independent_docking/jobs/6N7A__TUYPRUOSDMDIKE-UHFFFAOYSA-N__seed42/out.pdbqt
Using random seed: 42

0%   10   20   30   40   50   60   70   80   90   100%
|----|----|----|----|----|----|----|----|----|----|
***************************************************
 | pose 0 | initial pose not within box

mode |  affinity  |  intramol  |    CNN     |   CNN
     | (kcal/mol) | (kcal/mol) | pose score | affinity
-----+------------+------------+------------+----------
    1       -9.35       -1.59       0.7773      8.376
    2       -9.22       -1.07       0.5975      7.957
    3       -9.79       -0.50       0.5407      8.071
    4       -9.50       -1.40       0.3165      7.947
    5      -11.72        0.71       0.0926      6.438
    6      -11.73        3.83       0.0913      6.591
    7       -9.14       -1.60       0.0879      6.262
    8       -9.99        0.24       0.0829      5.562
    9      -11.32       -0.32       0.0727      6.370

