AutoDock Vina v1.2.7
#################################################################
# If you used AutoDock Vina in your work, please cite:          #
#                                                               #
# J. Eberhardt, D. Santos-Martins, A. F. Tillack, and S. Forli  #
# AutoDock Vina 1.2.0: New Docking Methods, Expanded Force      #
# Field, and Python Bindings, J. Chem. Inf. Model. (2021)       #
# DOI 10.1021/acs.jcim.1c00203                                  #
#                                                               #
# O. Trott, A. J. Olson,                                        #
# AutoDock Vina: improving the speed and accuracy of docking    #
# with a new scoring function, efficient optimization and       #
# multithreading, J. Comp. Chem. (2010)                         #
# DOI 10.1002/jcc.21334                                         #
#                                                               #
# Please see https://github.com/ccsb-scripps/AutoDock-Vina for  #
# more information.                                             #
#################################################################

Scoring function : vina
Rigid receptor: /mnt/d/CADD paper exercise/dual target docking/repo_Dual_Target_Docking/Dual_Target_Docking/data/jcim_chembl_universe_v0/local_track_b_v0/receptors/6LXA_receptor.pdbqt
Ligand: /mnt/d/CADD paper exercise/dual target docking/repo_Dual_Target_Docking/Dual_Target_Docking/data/jcim_chembl_universe_v0/local_track_b_v0/cognates/6LXA_EPA.pdbqt
Grid center: X 11.998 Y 5.742 Z -7.443
Grid size  : X 20 Y 20.2 Z 23.432
Grid space : 0.375
Exhaustiveness: 8
CPU: 8
Verbosity: 1

Computing Vina grid ... done.
Performing docking (random seed: 20260727) ... 
0%   10   20   30   40   50   60   70   80   90   100%
|----|----|----|----|----|----|----|----|----|----|
***************************************************

mode |   affinity | dist from best mode
     | (kcal/mol) | rmsd l.b.| rmsd u.b.
-----+------------+----------+----------
   1        -7.42          0          0
   2       -7.251      4.137      9.339
   3       -7.242      1.391      3.578
   4       -7.191      7.316      9.611
   5       -7.061       5.72      7.742
   6       -6.765      3.361      4.258
   7       -6.748      6.953      10.14
   8       -6.734      7.547      9.663
   9       -6.642      4.057      9.702

