AutoDock Vina v1.2.7
#################################################################
# If you used AutoDock Vina in your work, please cite:          #
#                                                               #
# J. Eberhardt, D. Santos-Martins, A. F. Tillack, and S. Forli  #
# AutoDock Vina 1.2.0: New Docking Methods, Expanded Force      #
# Field, and Python Bindings, J. Chem. Inf. Model. (2021)       #
# DOI 10.1021/acs.jcim.1c00203                                  #
#                                                               #
# O. Trott, A. J. Olson,                                        #
# AutoDock Vina: improving the speed and accuracy of docking    #
# with a new scoring function, efficient optimization and       #
# multithreading, J. Comp. Chem. (2010)                         #
# DOI 10.1002/jcc.21334                                         #
#                                                               #
# Please see https://github.com/ccsb-scripps/AutoDock-Vina for  #
# more information.                                             #
#################################################################

Scoring function : vina
Rigid receptor: /mnt/d/CADD paper exercise/dual target docking/repo_Dual_Target_Docking/Dual_Target_Docking/data/jcim_chembl_universe_v0/local_track_b_v0/receptors/6N7A_receptor.pdbqt
Ligand: /mnt/d/CADD paper exercise/dual target docking/repo_Dual_Target_Docking/Dual_Target_Docking/data/jcim_chembl_universe_v0/local_track_b_v0/cognates/6N7A_KEV.pdbqt
Grid center: X 5.911 Y -24.317 Z 21.495
Grid size  : X 20 Y 20.597 Z 20
Grid space : 0.375
Exhaustiveness: 8
CPU: 8
Verbosity: 1

Computing Vina grid ... done.
Performing docking (random seed: 20260727) ... 
0%   10   20   30   40   50   60   70   80   90   100%
|----|----|----|----|----|----|----|----|----|----|
***************************************************

mode |   affinity | dist from best mode
     | (kcal/mol) | rmsd l.b.| rmsd u.b.
-----+------------+----------+----------
   1       -9.217          0          0
   2       -8.617      2.295       3.25
   3       -8.339      2.437       6.01
   4       -8.207      1.771        3.1
   5       -8.091      2.581      4.173
   6       -7.981      2.685      4.439
   7       -7.971       3.78      6.389
   8       -7.641      2.733      6.779
   9       -7.512        3.2      7.067

