              _             
             (_)            
   __ _ _ __  _ _ __   __ _ 
  / _` | '_ \| | '_ \ / _` |
 | (_| | | | | | | | | (_| |
  \__, |_| |_|_|_| |_|\__,_|
   __/ |                    
  |___/                     

gnina v1.3.2 master:f23dd2b   Built Jul  8 2025.
gnina is based on smina and AutoDock Vina.
Please cite appropriately.

Commandline: /mnt/d/CADD paper exercise/gnina/bin/gnina --receptor /tmp/pr39_fiveseed/Dual_Target_Docking/reruns/UNIFORM_RERUN_V4_2_20260921/01_receptors/6LXA_receptor.pdbqt --ligand /tmp/pr39_fiveseed/Dual_Target_Docking/reruns/UNIFORM_RERUN_V4_2_20260921/10_gnina_independent_docking/ligands_gnina_ad4_types/NSJOUOFECXFWLG-UHFFFAOYSA-N.pdbqt --center_x 11.9975 --center_y 5.742 --center_z -7.4430000000000005 --size_x 20.0 --size_y 20.200000000000003 --size_z 23.432000000000002 --no_gpu --scoring vina --cnn_scoring rescore --pose_sort_order CNNscore --seed 42 --exhaustiveness 16 --num_modes 9 --cpu 1 --out /tmp/pr39_fiveseed/Dual_Target_Docking/reruns/UNIFORM_RERUN_V4_2_20260921/10_gnina_independent_docking/jobs/6LXA__NSJOUOFECXFWLG-UHFFFAOYSA-N__seed42/out.pdbqt
Using random seed: 42

0%   10   20   30   40   50   60   70   80   90   100%
|----|----|----|----|----|----|----|----|----|----|
***************************************************
 | pose 0 | initial pose not within box

mode |  affinity  |  intramol  |    CNN     |   CNN
     | (kcal/mol) | (kcal/mol) | pose score | affinity
-----+------------+------------+------------+----------
    1       -8.18       -0.26       0.8595      7.751
    2       -7.07        2.23       0.7935      7.698
    3       -5.86       -0.84       0.6697      7.575
    4       -4.79        1.70       0.3779      7.158
    5       -8.17       -0.82       0.3052      7.019
    6       -8.00       -0.40       0.2804      6.922
    7       -6.66        0.44       0.2387      6.956
    8       -4.80        3.56       0.2215      7.379
    9       -6.26       -0.83       0.2150      6.822

