              _             
             (_)            
   __ _ _ __  _ _ __   __ _ 
  / _` | '_ \| | '_ \ / _` |
 | (_| | | | | | | | | (_| |
  \__, |_| |_|_|_| |_|\__,_|
   __/ |                    
  |___/                     

gnina v1.3.2 master:f23dd2b   Built Jul  8 2025.
gnina is based on smina and AutoDock Vina.
Please cite appropriately.

Commandline: /mnt/d/CADD paper exercise/gnina/bin/gnina --receptor /tmp/pr39_fiveseed/Dual_Target_Docking/reruns/UNIFORM_RERUN_V4_2_20260921/01_receptors/6LXA_receptor.pdbqt --ligand /tmp/pr39_fiveseed/Dual_Target_Docking/reruns/UNIFORM_RERUN_V4_2_20260921/10_gnina_independent_docking/ligands_gnina_ad4_types/NIDDHYAQKFHAMY-GZTJUZNOSA-N.pdbqt --center_x 11.9975 --center_y 5.742 --center_z -7.4430000000000005 --size_x 20.0 --size_y 20.200000000000003 --size_z 23.432000000000002 --no_gpu --scoring vina --cnn_scoring rescore --pose_sort_order CNNscore --seed 42 --exhaustiveness 16 --num_modes 9 --cpu 1 --out /tmp/pr39_fiveseed/Dual_Target_Docking/reruns/UNIFORM_RERUN_V4_2_20260921/10_gnina_independent_docking/jobs/6LXA__NIDDHYAQKFHAMY-GZTJUZNOSA-N__seed42/out.pdbqt
Using random seed: 42

0%   10   20   30   40   50   60   70   80   90   100%
|----|----|----|----|----|----|----|----|----|----|
***************************************************
 | pose 0 | initial pose not within box

mode |  affinity  |  intramol  |    CNN     |   CNN
     | (kcal/mol) | (kcal/mol) | pose score | affinity
-----+------------+------------+------------+----------
    1       -6.30       -0.18       0.5841      5.655
    2       -7.25       -0.08       0.5694      5.730
    3       -7.47        0.37       0.5387      5.338
    4       -6.88       -0.32       0.4765      5.452
    5       -6.41       -0.35       0.4762      5.412
    6       -6.15        0.16       0.4600      5.275
    7       -6.78        2.39       0.4448      5.605
    8       -6.91       -0.90       0.3975      5.248
    9       -6.07        0.57       0.3820      5.648

