              _             
             (_)            
   __ _ _ __  _ _ __   __ _ 
  / _` | '_ \| | '_ \ / _` |
 | (_| | | | | | | | | (_| |
  \__, |_| |_|_|_| |_|\__,_|
   __/ |                    
  |___/                     

gnina v1.3.2 master:f23dd2b   Built Jul  8 2025.
gnina is based on smina and AutoDock Vina.
Please cite appropriately.

Commandline: /mnt/d/CADD paper exercise/gnina/bin/gnina --receptor /tmp/pr39_fiveseed/Dual_Target_Docking/reruns/UNIFORM_RERUN_V4_2_20260921/01_receptors/3RCD_receptor.pdbqt --ligand /tmp/pr39_fiveseed/Dual_Target_Docking/reruns/UNIFORM_RERUN_V4_2_20260921/10_gnina_independent_docking/ligands_gnina_ad4_types/XSFGXVBMHUSTNL-UHFFFAOYSA-N.pdbqt --center_x 12.48 --center_y 2.9635 --center_z 28.015 --size_x 21.162 --size_y 22.163 --size_z 20.0 --no_gpu --scoring vina --cnn_scoring rescore --pose_sort_order CNNscore --seed 42 --exhaustiveness 16 --num_modes 9 --cpu 1 --out /tmp/pr39_fiveseed/Dual_Target_Docking/reruns/UNIFORM_RERUN_V4_2_20260921/10_gnina_independent_docking/jobs/3RCD__XSFGXVBMHUSTNL-UHFFFAOYSA-N__seed42/out.pdbqt
Using random seed: 42

0%   10   20   30   40   50   60   70   80   90   100%
|----|----|----|----|----|----|----|----|----|----|
***************************************************
 | pose 0 | initial pose not within box

mode |  affinity  |  intramol  |    CNN     |   CNN
     | (kcal/mol) | (kcal/mol) | pose score | affinity
-----+------------+------------+------------+----------
    1       -8.22       -0.46       0.9640      7.424
    2       -8.32       -0.59       0.9457      7.286
    3       -7.88       -0.81       0.8562      7.160
    4       -7.85       -0.66       0.8439      7.093
    5       -7.63       -0.45       0.8234      7.040
    6       -7.52       -0.42       0.8101      7.026
    7       -7.39       -0.93       0.5863      6.759
    8       -7.48       -0.73       0.5366      6.748
    9       -6.58       -1.01       0.5318      6.823

