              _             
             (_)            
   __ _ _ __  _ _ __   __ _ 
  / _` | '_ \| | '_ \ / _` |
 | (_| | | | | | | | | (_| |
  \__, |_| |_|_|_| |_|\__,_|
   __/ |                    
  |___/                     

gnina v1.3.2 master:f23dd2b   Built Jul  8 2025.
gnina is based on smina and AutoDock Vina.
Please cite appropriately.

Commandline: /mnt/d/CADD paper exercise/gnina/bin/gnina --receptor /tmp/pr39_fiveseed/Dual_Target_Docking/reruns/UNIFORM_RERUN_V4_2_20260921/01_receptors/4BDS_receptor.pdbqt --ligand /tmp/pr39_fiveseed/Dual_Target_Docking/reruns/UNIFORM_RERUN_V4_2_20260921/10_gnina_independent_docking/ligands_gnina_ad4_types/UKFCIGJAJAIROZ-UHFFFAOYSA-N.pdbqt --center_x 133.076 --center_y 116.113 --center_z 41.335 --size_x 20.0 --size_y 20.0 --size_z 20.0 --no_gpu --scoring vina --cnn_scoring rescore --pose_sort_order CNNscore --seed 42 --exhaustiveness 16 --num_modes 9 --cpu 1 --out /tmp/pr39_fiveseed/Dual_Target_Docking/reruns/UNIFORM_RERUN_V4_2_20260921/10_gnina_independent_docking/jobs/4BDS__UKFCIGJAJAIROZ-UHFFFAOYSA-N__seed42/out.pdbqt
Using random seed: 42

0%   10   20   30   40   50   60   70   80   90   100%
|----|----|----|----|----|----|----|----|----|----|
***************************************************
 | pose 0 | initial pose not within box

mode |  affinity  |  intramol  |    CNN     |   CNN
     | (kcal/mol) | (kcal/mol) | pose score | affinity
-----+------------+------------+------------+----------
    1       -7.64        0.14       0.8673      5.243
    2       -7.03       -0.28       0.7989      4.830
    3       -6.96       -0.30       0.7714      5.259
    4       -7.99       -0.40       0.7470      5.862
    5       -7.12       -0.05       0.6807      5.318
    6       -6.50       -0.28       0.6514      4.981
    7       -6.79        0.43       0.6507      5.437
    8       -7.10       -0.22       0.6399      5.761
    9       -6.45       -0.23       0.6127      4.710

