              _             
             (_)            
   __ _ _ __  _ _ __   __ _ 
  / _` | '_ \| | '_ \ / _` |
 | (_| | | | | | | | | (_| |
  \__, |_| |_|_|_| |_|\__,_|
   __/ |                    
  |___/                     

gnina v1.3.2 master:f23dd2b   Built Jul  8 2025.
gnina is based on smina and AutoDock Vina.
Please cite appropriately.

Commandline: /mnt/d/CADD paper exercise/gnina/bin/gnina --receptor /tmp/pr39_fiveseed/Dual_Target_Docking/reruns/UNIFORM_RERUN_V4_2_20260921/01_receptors/4JT6_receptor.pdbqt --ligand /tmp/pr39_fiveseed/Dual_Target_Docking/reruns/UNIFORM_RERUN_V4_2_20260921/10_gnina_independent_docking/ligands_gnina_ad4_types/QIUASFSNWYMDFS-NILGECQDSA-N.pdbqt --center_x 52.123000000000005 --center_y -0.08399999999999996 --center_z -47.664500000000004 --size_x 20.467999999999996 --size_y 20.0 --size_z 20.0 --no_gpu --scoring vina --cnn_scoring rescore --pose_sort_order CNNscore --seed 42 --exhaustiveness 16 --num_modes 9 --cpu 1 --out /tmp/pr39_fiveseed/Dual_Target_Docking/reruns/UNIFORM_RERUN_V4_2_20260921/10_gnina_independent_docking/jobs/4JT6__QIUASFSNWYMDFS-NILGECQDSA-N__seed42/out.pdbqt
Using random seed: 42

0%   10   20   30   40   50   60   70   80   90   100%
|----|----|----|----|----|----|----|----|----|----|
***************************************************
 | pose 0 | initial pose not within box

mode |  affinity  |  intramol  |    CNN     |   CNN
     | (kcal/mol) | (kcal/mol) | pose score | affinity
-----+------------+------------+------------+----------
    1       -5.45       -0.98       0.2040      5.973
    2       -5.73       -1.57       0.1795      4.302
    3       -6.46       -0.80       0.1713      4.794
    4       -5.54       -1.08       0.1703      4.418
    5       -6.14       -1.34       0.1687      4.764
    6       -5.42        0.37       0.1653      4.116
    7       -5.65       -1.54       0.1648      4.225
    8       -7.02       -1.22       0.1558      5.225
    9       -5.82       -1.63       0.1551      4.252

