              _             
             (_)            
   __ _ _ __  _ _ __   __ _ 
  / _` | '_ \| | '_ \ / _` |
 | (_| | | | | | | | | (_| |
  \__, |_| |_|_|_| |_|\__,_|
   __/ |                    
  |___/                     

gnina v1.3.2 master:f23dd2b   Built Jul  8 2025.
gnina is based on smina and AutoDock Vina.
Please cite appropriately.

Commandline: /mnt/d/CADD paper exercise/gnina/bin/gnina --receptor /tmp/pr39_fiveseed/Dual_Target_Docking/reruns/UNIFORM_RERUN_V4_2_20260921/01_receptors/9V8H_receptor.pdbqt --ligand /tmp/pr39_fiveseed/Dual_Target_Docking/reruns/UNIFORM_RERUN_V4_2_20260921/10_gnina_independent_docking/ligands_gnina_ad4_types/GIXMGPYDKTUODZ-SFHVURJKSA-N.pdbqt --center_x -5.454 --center_y -5.373 --center_z -23.5915 --size_x 20.0 --size_y 20.14 --size_z 20.0 --no_gpu --scoring vina --cnn_scoring rescore --pose_sort_order CNNscore --seed 42 --exhaustiveness 16 --num_modes 9 --cpu 1 --out /tmp/pr39_fiveseed/Dual_Target_Docking/reruns/UNIFORM_RERUN_V4_2_20260921/10_gnina_independent_docking/jobs/9V8H__GIXMGPYDKTUODZ-SFHVURJKSA-N__seed42/out.pdbqt
Using random seed: 42

0%   10   20   30   40   50   60   70   80   90   100%
|----|----|----|----|----|----|----|----|----|----|
***************************************************
 | pose 0 | initial pose not within box

mode |  affinity  |  intramol  |    CNN     |   CNN
     | (kcal/mol) | (kcal/mol) | pose score | affinity
-----+------------+------------+------------+----------
    1       -8.62       -0.38       0.9532      7.558
    2       -8.92       -0.17       0.9358      7.669
    3       -8.46       -0.88       0.8271      7.475
    4       -6.88        0.20       0.8108      7.391
    5       -8.80       -0.49       0.7539      7.381
    6       -7.85       -0.62       0.7403      7.303
    7       -6.75        0.40       0.7333      7.321
    8       -7.22       -0.44       0.7180      6.915
    9       -8.24       -0.58       0.6911      7.165

