              _             
             (_)            
   __ _ _ __  _ _ __   __ _ 
  / _` | '_ \| | '_ \ / _` |
 | (_| | | | | | | | | (_| |
  \__, |_| |_|_|_| |_|\__,_|
   __/ |                    
  |___/                     

gnina v1.3.2 master:f23dd2b   Built Jul  8 2025.
gnina is based on smina and AutoDock Vina.
Please cite appropriately.

Commandline: /mnt/d/CADD paper exercise/gnina/bin/gnina --receptor /tmp/pr39_fiveseed/Dual_Target_Docking/reruns/UNIFORM_RERUN_V4_2_20260921/01_receptors/4JT6_receptor.pdbqt --ligand /tmp/pr39_fiveseed/Dual_Target_Docking/reruns/UNIFORM_RERUN_V4_2_20260921/04_cognate_redocking/ligands/4JT6_cognate.pdbqt --center_x 52.123000000000005 --center_y -0.08399999999999996 --center_z -47.664500000000004 --size_x 20.467999999999996 --size_y 20.0 --size_z 20.0 --no_gpu --scoring vina --cnn_scoring rescore --pose_sort_order CNNscore --seed 42 --exhaustiveness 16 --num_modes 9 --cpu 1 --out /tmp/pr39_fiveseed/Dual_Target_Docking/reruns/UNIFORM_RERUN_V4_2_20260921/10_gnina_independent_docking/cognate_qc/4JT6/out.pdbqt
Using random seed: 42

0%   10   20   30   40   50   60   70   80   90   100%
|----|----|----|----|----|----|----|----|----|----|
***************************************************
 | pose 0 | initial pose not within box

mode |  affinity  |  intramol  |    CNN     |   CNN
     | (kcal/mol) | (kcal/mol) | pose score | affinity
-----+------------+------------+------------+----------
    1       -9.46       -0.05       0.9904      7.630
    2       -9.88       -0.37       0.9892      7.787
    3       -8.36        0.02       0.9607      6.900
    4       -9.97       -0.59       0.9277      7.281
    5       -9.56       -0.58       0.9134      7.134
    6       -8.75       -0.06       0.8630      7.001
    7       -9.89       -0.41       0.8543      6.914
    8       -8.28       -0.56       0.8384      6.997
    9       -7.73       -0.24       0.8323      6.674

