              _             
             (_)            
   __ _ _ __  _ _ __   __ _ 
  / _` | '_ \| | '_ \ / _` |
 | (_| | | | | | | | | (_| |
  \__, |_| |_|_|_| |_|\__,_|
   __/ |                    
  |___/                     

gnina v1.3.2 master:f23dd2b   Built Jul  8 2025.
gnina is based on smina and AutoDock Vina.
Please cite appropriately.

Commandline: /mnt/d/CADD paper exercise/gnina/bin/gnina --receptor /tmp/pr39_fiveseed/Dual_Target_Docking/reruns/UNIFORM_RERUN_V4_2_20260921/01_receptors/9V8H_receptor.pdbqt --ligand /tmp/pr39_fiveseed/Dual_Target_Docking/reruns/UNIFORM_RERUN_V4_2_20260921/10_gnina_independent_docking/ligands_gnina_ad4_types/QFQGNTDOAIPHRN-QHCPKHFHSA-N.pdbqt --center_x -5.454 --center_y -5.373 --center_z -23.5915 --size_x 20.0 --size_y 20.14 --size_z 20.0 --no_gpu --scoring vina --cnn_scoring rescore --pose_sort_order CNNscore --seed 42 --exhaustiveness 16 --num_modes 9 --cpu 1 --out /tmp/pr39_fiveseed/Dual_Target_Docking/reruns/UNIFORM_RERUN_V4_2_20260921/10_gnina_independent_docking/jobs/9V8H__QFQGNTDOAIPHRN-QHCPKHFHSA-N__seed42/out.pdbqt
Using random seed: 42

0%   10   20   30   40   50   60   70   80   90   100%
|----|----|----|----|----|----|----|----|----|----|
***************************************************
 | pose 0 | initial pose not within box

mode |  affinity  |  intramol  |    CNN     |   CNN
     | (kcal/mol) | (kcal/mol) | pose score | affinity
-----+------------+------------+------------+----------
    1       -9.59       -0.36       0.9860      7.987
    2       -9.45       -0.87       0.9615      7.940
    3       -8.85       -0.69       0.9612      7.707
    4       -8.61       -0.73       0.9258      7.725
    5       -9.45       -0.42       0.9157      7.908
    6       -7.64       -0.47       0.8769      7.442
    7       -8.41       -1.01       0.7756      7.346
    8       -8.67       -0.89       0.7319      7.372
    9       -7.57       -0.65       0.7316      7.476

