              _             
             (_)            
   __ _ _ __  _ _ __   __ _ 
  / _` | '_ \| | '_ \ / _` |
 | (_| | | | | | | | | (_| |
  \__, |_| |_|_|_| |_|\__,_|
   __/ |                    
  |___/                     

gnina v1.3.2 master:f23dd2b   Built Jul  8 2025.
gnina is based on smina and AutoDock Vina.
Please cite appropriately.

Commandline: /mnt/d/CADD paper exercise/gnina/bin/gnina --receptor /tmp/pr39_fiveseed/Dual_Target_Docking/reruns/UNIFORM_RERUN_V4_2_20260921/01_receptors/5U3Q_receptor.pdbqt --ligand /tmp/pr39_fiveseed/Dual_Target_Docking/reruns/UNIFORM_RERUN_V4_2_20260921/10_gnina_independent_docking/ligands_gnina_ad4_types/PXCWWCGIHVDNOF-UHFFFAOYSA-N.pdbqt --center_x 45.416 --center_y -37.679500000000004 --center_z 103.97649999999999 --size_x 20.0 --size_y 20.0 --size_z 22.448999999999998 --no_gpu --scoring vina --cnn_scoring rescore --pose_sort_order CNNscore --seed 42 --exhaustiveness 16 --num_modes 9 --cpu 1 --out /tmp/pr39_fiveseed/Dual_Target_Docking/reruns/UNIFORM_RERUN_V4_2_20260921/10_gnina_independent_docking/jobs/5U3Q__PXCWWCGIHVDNOF-UHFFFAOYSA-N__seed42/out.pdbqt
Using random seed: 42

0%   10   20   30   40   50   60   70   80   90   100%
|----|----|----|----|----|----|----|----|----|----|
***************************************************
 | pose 0 | initial pose not within box

mode |  affinity  |  intramol  |    CNN     |   CNN
     | (kcal/mol) | (kcal/mol) | pose score | affinity
-----+------------+------------+------------+----------
    1      -10.13        0.44       0.9245      7.513
    2      -10.06       -0.12       0.9175      7.491
    3       -8.42        3.40       0.8960      7.248
    4       -9.64       -0.11       0.8170      7.501
    5       -8.57       -0.14       0.7444      7.086
    6       -9.59        0.51       0.6889      7.075
    7       -8.94        1.37       0.6690      7.153
    8       -8.00        0.09       0.6621      7.077
    9       -9.16        2.16       0.6443      7.014

