              _             
             (_)            
   __ _ _ __  _ _ __   __ _ 
  / _` | '_ \| | '_ \ / _` |
 | (_| | | | | | | | | (_| |
  \__, |_| |_|_|_| |_|\__,_|
   __/ |                    
  |___/                     

gnina v1.3.2 master:f23dd2b   Built Jul  8 2025.
gnina is based on smina and AutoDock Vina.
Please cite appropriately.

Commandline: /mnt/d/CADD paper exercise/gnina/bin/gnina --receptor /tmp/pr39_fiveseed/Dual_Target_Docking/reruns/UNIFORM_RERUN_V4_2_20260921/01_receptors/3LXP_receptor.pdbqt --ligand /tmp/pr39_fiveseed/Dual_Target_Docking/reruns/UNIFORM_RERUN_V4_2_20260921/09_secondary_scoring/gnina_rescore_representation_v2/3LXP__UVBXDOXNDDQDMV-UTKZUKDTSA-N/vina_mode8_gnina.pdbqt --score_only --no_gpu --scoring vina --cnn_scoring rescore
## Name gauss(o=0,_w=0.5,_c=8) gauss(o=3,_w=2,_c=8) repulsion(o=0,_c=8) hydrophobic(g=0.5,_b=1.5,_c=8) non_dir_h_bond(g=-0.7,_b=0,_c=8) num_tors_div
Affinity: -8.01391 (kcal/mol)
CNNscore: 0.21789 
CNNaffinity: 7.13652
CNNvariance: 0.08283
Intramolecular energy: -1.04677
Term values, before weighting:
##  82.64937 1555.71094 4.32117 24.84134 2.86933 0.00000

