              _             
             (_)            
   __ _ _ __  _ _ __   __ _ 
  / _` | '_ \| | '_ \ / _` |
 | (_| | | | | | | | | (_| |
  \__, |_| |_|_|_| |_|\__,_|
   __/ |                    
  |___/                     

gnina v1.3.2 master:f23dd2b   Built Jul  8 2025.
gnina is based on smina and AutoDock Vina.
Please cite appropriately.

Commandline: /mnt/d/CADD paper exercise/gnina/bin/gnina --receptor /tmp/pr39_fiveseed/Dual_Target_Docking/reruns/UNIFORM_RERUN_V4_2_20260921/01_receptors/2JKH_receptor.pdbqt --ligand /tmp/pr39_fiveseed/Dual_Target_Docking/reruns/UNIFORM_RERUN_V4_2_20260921/10_gnina_independent_docking/ligands_gnina_ad4_types/PQEQQMLZYPTIEQ-UHFFFAOYSA-N.pdbqt --center_x -3.6430000000000002 --center_y 10.7695 --center_z 22.771 --size_x 20.0 --size_y 20.0 --size_z 21.118 --no_gpu --scoring vina --cnn_scoring rescore --pose_sort_order CNNscore --seed 42 --exhaustiveness 16 --num_modes 9 --cpu 1 --out /tmp/pr39_fiveseed/Dual_Target_Docking/reruns/UNIFORM_RERUN_V4_2_20260921/10_gnina_independent_docking/jobs/2JKH__PQEQQMLZYPTIEQ-UHFFFAOYSA-N__seed42/out.pdbqt
Using random seed: 42

0%   10   20   30   40   50   60   70   80   90   100%
|----|----|----|----|----|----|----|----|----|----|
***************************************************
 | pose 0 | initial pose not within box

mode |  affinity  |  intramol  |    CNN     |   CNN
     | (kcal/mol) | (kcal/mol) | pose score | affinity
-----+------------+------------+------------+----------
    1       -8.36       -0.50       0.8724      8.177
    2       -7.93       -1.26       0.8211      8.090
    3       -8.65       -0.86       0.7974      7.955
    4       -8.29       -0.77       0.6405      7.453
    5       -8.96       -1.60       0.6141      7.769
    6       -7.17       -1.21       0.3965      7.420
    7       -8.10       -1.28       0.3834      7.424
    8       -6.64       -0.69       0.2280      6.787
    9       -7.14       -2.17       0.2247      7.127

