              _             
             (_)            
   __ _ _ __  _ _ __   __ _ 
  / _` | '_ \| | '_ \ / _` |
 | (_| | | | | | | | | (_| |
  \__, |_| |_|_|_| |_|\__,_|
   __/ |                    
  |___/                     

gnina v1.3.2 master:f23dd2b   Built Jul  8 2025.
gnina is based on smina and AutoDock Vina.
Please cite appropriately.

Commandline: /mnt/d/CADD paper exercise/gnina/bin/gnina --receptor /tmp/pr39_fiveseed/Dual_Target_Docking/reruns/UNIFORM_RERUN_V4_2_20260921/01_receptors/6LXA_receptor.pdbqt --ligand /tmp/pr39_fiveseed/Dual_Target_Docking/reruns/UNIFORM_RERUN_V4_2_20260921/09_secondary_scoring/gnina_rescore_representation_v2/6LXA__PNHFDVSKDSLUFH-UHFFFAOYSA-N/vina_mode3_gnina.pdbqt --score_only --no_gpu --scoring vina --cnn_scoring rescore
## Name gauss(o=0,_w=0.5,_c=8) gauss(o=3,_w=2,_c=8) repulsion(o=0,_c=8) hydrophobic(g=0.5,_b=1.5,_c=8) non_dir_h_bond(g=-0.7,_b=0,_c=8) num_tors_div
Affinity: -9.43999 (kcal/mol)
CNNscore: 0.15779 
CNNaffinity: 5.79802
CNNvariance: 0.67485
Intramolecular energy: -0.29570
Term values, before weighting:
##  101.27139 1836.31165 3.57590 62.89732 3.63352 0.00000

