              _             
             (_)            
   __ _ _ __  _ _ __   __ _ 
  / _` | '_ \| | '_ \ / _` |
 | (_| | | | | | | | | (_| |
  \__, |_| |_|_|_| |_|\__,_|
   __/ |                    
  |___/                     

gnina v1.3.2 master:f23dd2b   Built Jul  8 2025.
gnina is based on smina and AutoDock Vina.
Please cite appropriately.

Commandline: /mnt/d/CADD paper exercise/gnina/bin/gnina --receptor /tmp/pr39_fiveseed/Dual_Target_Docking/reruns/UNIFORM_RERUN_V4_2_20260921/01_receptors/9V8H_receptor.pdbqt --ligand /tmp/pr39_fiveseed/Dual_Target_Docking/reruns/UNIFORM_RERUN_V4_2_20260921/09_secondary_scoring/gnina_rescore_representation_v2/9V8H__PVTZPAMEGKOLDH-UHFFFAOYSA-N/vina_mode2_gnina.pdbqt --score_only --no_gpu --scoring vina --cnn_scoring rescore
## Name gauss(o=0,_w=0.5,_c=8) gauss(o=3,_w=2,_c=8) repulsion(o=0,_c=8) hydrophobic(g=0.5,_b=1.5,_c=8) non_dir_h_bond(g=-0.7,_b=0,_c=8) num_tors_div
Affinity: -9.12978 (kcal/mol)
CNNscore: 0.31555 
CNNaffinity: 6.93378
CNNvariance: 0.07539
Intramolecular energy: -0.98715
Term values, before weighting:
##  117.91788 1683.96167 3.44151 85.50162 0.70636 0.00000

