              _             
             (_)            
   __ _ _ __  _ _ __   __ _ 
  / _` | '_ \| | '_ \ / _` |
 | (_| | | | | | | | | (_| |
  \__, |_| |_|_|_| |_|\__,_|
   __/ |                    
  |___/                     

gnina v1.3.2 master:f23dd2b   Built Jul  8 2025.
gnina is based on smina and AutoDock Vina.
Please cite appropriately.

Commandline: /mnt/d/CADD paper exercise/gnina/bin/gnina --receptor /tmp/pr39_fiveseed/Dual_Target_Docking/reruns/UNIFORM_RERUN_V4_2_20260921/01_receptors/5U3Q_receptor.pdbqt --ligand /tmp/pr39_fiveseed/Dual_Target_Docking/reruns/UNIFORM_RERUN_V4_2_20260921/10_gnina_independent_docking/ligands_gnina_ad4_types/BOIFMTPHEQFLJE-NRFANRHFSA-N.pdbqt --center_x 45.416 --center_y -37.679500000000004 --center_z 103.97649999999999 --size_x 20.0 --size_y 20.0 --size_z 22.448999999999998 --no_gpu --scoring vina --cnn_scoring rescore --pose_sort_order CNNscore --seed 42 --exhaustiveness 16 --num_modes 9 --cpu 1 --out /tmp/pr39_fiveseed/Dual_Target_Docking/reruns/UNIFORM_RERUN_V4_2_20260921/10_gnina_independent_docking/jobs/5U3Q__BOIFMTPHEQFLJE-NRFANRHFSA-N__seed42/out.pdbqt
Using random seed: 42

0%   10   20   30   40   50   60   70   80   90   100%
|----|----|----|----|----|----|----|----|----|----|
***************************************************
 | pose 0 | initial pose not within box

mode |  affinity  |  intramol  |    CNN     |   CNN
     | (kcal/mol) | (kcal/mol) | pose score | affinity
-----+------------+------------+------------+----------
    1       -9.98        4.56       0.9186      8.364
    2       -9.17        2.09       0.6726      8.266
    3       -9.67        1.84       0.6624      8.198
    4       -9.40       -0.33       0.6238      8.202
    5       -9.54        3.54       0.6189      8.272
    6       -9.00       -0.06       0.5675      8.055
    7       -8.78        1.62       0.5407      8.139
    8       -9.32       -1.04       0.4723      8.027
    9       -8.92       -0.44       0.4366      8.101

