              _             
             (_)            
   __ _ _ __  _ _ __   __ _ 
  / _` | '_ \| | '_ \ / _` |
 | (_| | | | | | | | | (_| |
  \__, |_| |_|_|_| |_|\__,_|
   __/ |                    
  |___/                     

gnina v1.3.2 master:f23dd2b   Built Jul  8 2025.
gnina is based on smina and AutoDock Vina.
Please cite appropriately.

Commandline: /mnt/d/CADD paper exercise/gnina/bin/gnina --receptor /tmp/pr39_fiveseed/Dual_Target_Docking/reruns/UNIFORM_RERUN_V4_2_20260921/01_receptors/4EY7_receptor.pdbqt --ligand /tmp/pr39_fiveseed/Dual_Target_Docking/reruns/UNIFORM_RERUN_V4_2_20260921/10_gnina_independent_docking/ligands_gnina_ad4_types/YBILVISNRAVIPV-UHFFFAOYSA-N.pdbqt --center_x -13.9875 --center_y -43.9055 --center_z 27.1085 --size_x 23.341 --size_y 20.0 --size_z 20.355 --no_gpu --scoring vina --cnn_scoring rescore --pose_sort_order CNNscore --seed 42 --exhaustiveness 16 --num_modes 9 --cpu 1 --out /tmp/pr39_fiveseed/Dual_Target_Docking/reruns/UNIFORM_RERUN_V4_2_20260921/10_gnina_independent_docking/jobs/4EY7__YBILVISNRAVIPV-UHFFFAOYSA-N__seed42/out.pdbqt
Using random seed: 42

0%   10   20   30   40   50   60   70   80   90   100%
|----|----|----|----|----|----|----|----|----|----|
***************************************************
 | pose 0 | initial pose not within box

mode |  affinity  |  intramol  |    CNN     |   CNN
     | (kcal/mol) | (kcal/mol) | pose score | affinity
-----+------------+------------+------------+----------
    1      -10.61       -0.19       0.7407      7.636
    2      -10.90        0.77       0.6933      8.209
    3      -10.19        2.97       0.6908      7.853
    4      -10.56       -1.71       0.6460      8.110
    5      -10.40       -0.26       0.6151      8.355
    6      -10.28        0.51       0.5991      8.087
    7      -10.63       -1.24       0.5970      8.205
    8       -9.93       -0.12       0.5942      8.390
    9      -10.83        0.64       0.5383      8.056

