              _             
             (_)            
   __ _ _ __  _ _ __   __ _ 
  / _` | '_ \| | '_ \ / _` |
 | (_| | | | | | | | | (_| |
  \__, |_| |_|_|_| |_|\__,_|
   __/ |                    
  |___/                     

gnina v1.3.2 master:f23dd2b   Built Jul  8 2025.
gnina is based on smina and AutoDock Vina.
Please cite appropriately.

Commandline: /mnt/d/CADD paper exercise/gnina/bin/gnina --receptor /tmp/pr39_fiveseed/Dual_Target_Docking/reruns/UNIFORM_RERUN_V4_2_20260921/01_receptors/6LXA_receptor.pdbqt --ligand /tmp/pr39_fiveseed/Dual_Target_Docking/reruns/UNIFORM_RERUN_V4_2_20260921/10_gnina_independent_docking/ligands_gnina_ad4_types/CAQVFQUZLBQYOV-RUZDIDTESA-N.pdbqt --center_x 11.9975 --center_y 5.742 --center_z -7.4430000000000005 --size_x 20.0 --size_y 20.200000000000003 --size_z 23.432000000000002 --no_gpu --scoring vina --cnn_scoring rescore --pose_sort_order CNNscore --seed 42 --exhaustiveness 16 --num_modes 9 --cpu 1 --out /tmp/pr39_fiveseed/Dual_Target_Docking/reruns/UNIFORM_RERUN_V4_2_20260921/10_gnina_independent_docking/jobs/6LXA__CAQVFQUZLBQYOV-RUZDIDTESA-N__seed42/out.pdbqt
Using random seed: 42

0%   10   20   30   40   50   60   70   80   90   100%
|----|----|----|----|----|----|----|----|----|----|
***************************************************
 | pose 0 | initial pose not within box

mode |  affinity  |  intramol  |    CNN     |   CNN
     | (kcal/mol) | (kcal/mol) | pose score | affinity
-----+------------+------------+------------+----------
    1       -9.10        0.28       0.9029      7.603
    2       -8.70        0.40       0.8727      7.550
    3       -8.65        0.34       0.8474      7.433
    4       -7.63        1.00       0.6385      7.349
    5       -8.60       -0.23       0.6305      7.198
    6       -7.36       -1.04       0.5923      7.201
    7       -9.11       -0.72       0.4972      6.697
    8       -6.46        0.42       0.4721      6.850
    9       -7.96       -0.69       0.4218      6.908

