              _             
             (_)            
   __ _ _ __  _ _ __   __ _ 
  / _` | '_ \| | '_ \ / _` |
 | (_| | | | | | | | | (_| |
  \__, |_| |_|_|_| |_|\__,_|
   __/ |                    
  |___/                     

gnina v1.3.2 master:f23dd2b   Built Jul  8 2025.
gnina is based on smina and AutoDock Vina.
Please cite appropriately.

Commandline: /mnt/d/CADD paper exercise/gnina/bin/gnina --receptor /tmp/pr39_fiveseed/Dual_Target_Docking/reruns/UNIFORM_RERUN_V4_2_20260921/01_receptors/2JKH_receptor.pdbqt --ligand /tmp/pr39_fiveseed/Dual_Target_Docking/reruns/UNIFORM_RERUN_V4_2_20260921/10_gnina_independent_docking/ligands_gnina_ad4_types/QACZHTZZUSYTGR-NDEPHWFRSA-N.pdbqt --center_x -3.6430000000000002 --center_y 10.7695 --center_z 22.771 --size_x 20.0 --size_y 20.0 --size_z 21.118 --no_gpu --scoring vina --cnn_scoring rescore --pose_sort_order CNNscore --seed 42 --exhaustiveness 16 --num_modes 9 --cpu 1 --out /tmp/pr39_fiveseed/Dual_Target_Docking/reruns/UNIFORM_RERUN_V4_2_20260921/10_gnina_independent_docking/jobs/2JKH__QACZHTZZUSYTGR-NDEPHWFRSA-N__seed42/out.pdbqt
Using random seed: 42

0%   10   20   30   40   50   60   70   80   90   100%
|----|----|----|----|----|----|----|----|----|----|
***************************************************
 | pose 0 | initial pose not within box

mode |  affinity  |  intramol  |    CNN     |   CNN
     | (kcal/mol) | (kcal/mol) | pose score | affinity
-----+------------+------------+------------+----------
    1      -11.44        0.19       0.7458      7.522
    2      -11.29        0.01       0.7291      8.231
    3      -10.86       -0.10       0.7160      7.671
    4      -10.42        1.22       0.5485      7.288
    5      -10.88       -0.06       0.4981      7.019
    6       -9.74        0.97       0.4405      7.305
    7      -10.43       -0.07       0.4216      7.882
    8      -11.14        2.85       0.3791      6.955
    9       -9.21       -0.32       0.3595      7.703

